<!doctype html public "-//w3c//dtd html 4.0 transitional//en">
<html><head>
<title>Static Call Graph - [.\obj\lwip_gnu.axf]</title></head>
<body><HR>
<H1>Static Call Graph for image .\obj\lwip_gnu.axf</H1><HR>
<BR><P>#&#060CALLGRAPH&#062# ARM Linker, RVCT4.0 [Build 728]: Last Updated: Wed Sep 21 12:21:07 2016
<BR><P>
<H3>Maximum Stack Usage =       1068 bytes + Unknown(Untraceable Function Pointers)</H3><H3>
Call chain for Maximum Stack Depth:</H3>
recv_callback_tftp &rArr; process_tftp_request &rArr; tftp_process_read &rArr; tftp_send_next_block &rArr; tftp_send_data_packet &rArr; tftp_send_message &rArr; udp_sendto &rArr; udp_sendto_if &rArr; ip_output_if &rArr; ip_frag &rArr; pbuf_alloc &rArr; pbuf_free &rArr; mem_free &rArr; plug_holes
<P>
<H3>
Function Pointers
</H3><UL>
 <LI><a href="#[2e916b0]">Reset_Handler</a>
 <LI><a href="#[fddeec]">NMI_Handler</a>
 <LI><a href="#[fddf64]">HardFault_Handler</a>
 <LI><a href="#[fddf28]">MemManage_Handler</a>
 <LI><a href="#[fde018]">BusFault_Handler</a>
 <LI><a href="#[fdddfc]">UsageFault_Handler</a>
 <LI><a href="#[fdde74]">SVC_Handler</a>
 <LI><a href="#[fddfdc]">DebugMon_Handler</a>
 <LI><a href="#[fddeb0]">PendSV_Handler</a>
 <LI><a href="#[fdde38]">SysTick_Handler</a>
 <LI><a href="#[2e90648]">WWDG_IRQHandler</a>
 <LI><a href="#[2e90bac]">PVD_IRQHandler</a>
 <LI><a href="#[2e90a08]">TAMPER_IRQHandler</a>
 <LI><a href="#[2e90af8]">RTC_IRQHandler</a>
 <LI><a href="#[2e90d50]">FLASH_IRQHandler</a>
 <LI><a href="#[2e90b70]">RCC_IRQHandler</a>
 <LI><a href="#[2e90ef4]">EXTI0_IRQHandler</a>
 <LI><a href="#[2e90e7c]">EXTI1_IRQHandler</a>
 <LI><a href="#[2e90e40]">EXTI2_IRQHandler</a>
 <LI><a href="#[2e90e04]">EXTI3_IRQHandler</a>
 <LI><a href="#[2e90dc8]">EXTI4_IRQHandler</a>
 <LI><a href="#[2e9123c]">DMA1_Channel1_IRQHandler</a>
 <LI><a href="#[2e91200]">DMA1_Channel2_IRQHandler</a>
 <LI><a href="#[2e911c4]">DMA1_Channel3_IRQHandler</a>
 <LI><a href="#[2e91188]">DMA1_Channel4_IRQHandler</a>
 <LI><a href="#[2e9114c]">DMA1_Channel5_IRQHandler</a>
 <LI><a href="#[2e91110]">DMA1_Channel6_IRQHandler</a>
 <LI><a href="#[2e910d4]">DMA1_Channel7_IRQHandler</a>
 <LI><a href="#[2e91458]">ADC1_2_IRQHandler</a>
 <LI><a href="#[2e91368]">CAN1_TX_IRQHandler</a>
 <LI><a href="#[2e9141c]">CAN1_RX0_IRQHandler</a>
 <LI><a href="#[2e913e0]">CAN1_RX1_IRQHandler</a>
 <LI><a href="#[2e913a4]">CAN1_SCE_IRQHandler</a>
 <LI><a href="#[2e90d8c]">EXTI9_5_IRQHandler</a>
 <LI><a href="#[2e909cc]">TIM1_BRK_IRQHandler</a>
 <LI><a href="#[2e90918]">TIM1_UP_IRQHandler</a>
 <LI><a href="#[2e90954]">TIM1_TRG_COM_IRQHandler</a>
 <LI><a href="#[2e90990]">TIM1_CC_IRQHandler</a>
 <LI><a href="#[27cf624]">TIM2_IRQHandler</a>
 <LI><a href="#[2fd39fc]">TIM3_IRQHandler</a>
 <LI><a href="#[2e90864]">TIM4_IRQHandler</a>
 <LI><a href="#[2e90cd8]">I2C1_EV_IRQHandler</a>
 <LI><a href="#[2e90d14]">I2C1_ER_IRQHandler</a>
 <LI><a href="#[2e90c60]">I2C2_EV_IRQHandler</a>
 <LI><a href="#[2e90c9c]">I2C2_ER_IRQHandler</a>
 <LI><a href="#[2e90abc]">SPI1_IRQHandler</a>
 <LI><a href="#[2e90a80]">SPI2_IRQHandler</a>
 <LI><a href="#[2e906fc]">USART1_IRQHandler</a>
 <LI><a href="#[2fd2ca0]">USART2_IRQHandler</a>
 <LI><a href="#[2e90684]">USART3_IRQHandler</a>
 <LI><a href="#[2e90eb8]">EXTI15_10_IRQHandler</a>
 <LI><a href="#[2e90b34]">RTCAlarm_IRQHandler</a>
 <LI><a href="#[2e90be8]">OTG_FS_WKUP_IRQHandler</a>
 <LI><a href="#[2e90828]">TIM5_IRQHandler</a>
 <LI><a href="#[2e90a44]">SPI3_IRQHandler</a>
 <LI><a href="#[2e90774]">UART4_IRQHandler</a>
 <LI><a href="#[2e90738]">UART5_IRQHandler</a>
 <LI><a href="#[2e907ec]">TIM6_IRQHandler</a>
 <LI><a href="#[2e907b0]">TIM7_IRQHandler</a>
 <LI><a href="#[2e91098]">DMA2_Channel1_IRQHandler</a>
 <LI><a href="#[2e9105c]">DMA2_Channel2_IRQHandler</a>
 <LI><a href="#[2e91020]">DMA2_Channel3_IRQHandler</a>
 <LI><a href="#[2e90fe4]">DMA2_Channel4_IRQHandler</a>
 <LI><a href="#[2e90fa8]">DMA2_Channel5_IRQHandler</a>
 <LI><a href="#[fddfa0]">ETH_IRQHandler</a>
 <LI><a href="#[2e90f30]">ETH_WKUP_IRQHandler</a>
 <LI><a href="#[2e91278]">CAN2_TX_IRQHandler</a>
 <LI><a href="#[2e9132c]">CAN2_RX0_IRQHandler</a>
 <LI><a href="#[2e912f0]">CAN2_RX1_IRQHandler</a>
 <LI><a href="#[2e912b4]">CAN2_SCE_IRQHandler</a>
 <LI><a href="#[2e90c24]">OTG_FS_IRQHandler</a>
 <LI><a href="#[27cf5e8]">main</a>
 <LI><a href="#[fdc3bc]">SystemInit</a>
 <LI><a href="#[2fd1f80]">__main</a>
 <LI><a href="#[fe055c]">ethernet_input</a>
 <LI><a href="#[fe0520]">ethernetif_init</a>
 <LI><a href="#[2fcb770]">_sputc</a>
 <LI><a href="#[2de617c]">dhcp_recv</a>
 <LI><a href="#[2f28df4]">eMBMasterRTUStart</a>
 <LI><a href="#[2f28db8]">eMBMasterRTUStop</a>
 <LI><a href="#[2f28e30]">eMBMasterRTUSend</a>
 <LI><a href="#[2f28e6c]">eMBMasterRTUReceive</a>
 <LI><a href="#[2f28c50]">xMBMasterRTUReceiveFSM</a>
 <LI><a href="#[2f28bd8]">xMBMasterRTUTransmitFSM</a>
 <LI><a href="#[2f28c14]">xMBMasterRTUTimerExpired</a>
 <LI><a href="#[2e935dc]">etharp_output</a>
 <LI><a href="#[2e92484]">low_level_output</a>
 <LI><a href="#[2e95f94]">ipfrag_free_pbuf_custom</a>
 <LI><a href="#[27d5b28]">recv_callback_tftp</a>
 <LI><a href="#[2dd9210]">tcp_recv_null</a>
 <LI><a href="#[fd8000]">tcp_client_connected</a>
 <LI><a href="#[fd7fc4]">tcp_client_err</a>
 <LI><a href="#[fd7f4c]">tcp_client_reciver</a>
 <LI><a href="#[27d5b28]">recv_callback_tftp</a>
 <LI><a href="#[27d5b28]">recv_callback_tftp</a>
 <LI><a href="#[27d5aec]">rrq_recv_callback</a>
 <LI><a href="#[27d581c]">wrq_recv_callback</a>
 <LI><a href="#[fd7ed4]">udp_client_callback</a>
</UL>
<P>
<H3>
Global Symbols
</H3>
<P><STRONG><a name="[2fd1f80]"></a>__main</STRONG> (Thumb, 0 bytes, Stack size unknown bytes, entry.o(.ARM.Collect$$$$00000000))
<BR>[Address Reference Count : 1]<UL><LI> startup_stm32f10x_cl.o(.text)
</UL>
<P><STRONG><a name="[2fc751c]"></a>_main_stk</STRONG> (Thumb, 0 bytes, Stack size unknown bytes, entry2.o(.ARM.Collect$$$$00000001))

<P><STRONG><a name="[2fc73f0]"></a>_main_scatterload</STRONG> (Thumb, 0 bytes, Stack size unknown bytes, entry5.o(.ARM.Collect$$$$00000004))
<BR><BR>[Calls]<UL><LI><a href="#[30c4fd8]">&gt;&gt;</a>&nbsp;&nbsp;&nbsp;__scatterload
</UL>

<P><STRONG><a name="[2fc73b4]"></a>__main_after_scatterload</STRONG> (Thumb, 0 bytes, Stack size unknown bytes, entry5.o(.ARM.Collect$$$$00000004))
<BR><BR>[Called By]<UL><LI><a href="#[30c4fd8]">&gt;&gt;</a>&nbsp;&nbsp;&nbsp;__scatterload
</UL>

<P><STRONG><a name="[2fc72c4]"></a>_main_init</STRONG> (Thumb, 0 bytes, Stack size unknown bytes, entry7.o(.ARM.Collect$$$$00000007))

<P><STRONG><a name="[fde054]"></a>wait</STRONG> (Thumb, 2 bytes, Stack size 0 bytes, stm32f10x_it.o(.emb_text))
<BR><BR>[Called By]<UL><LI><a href="#[fddf64]">&gt;&gt;</a>&nbsp;&nbsp;&nbsp;HardFault_Handler
</UL>

<P><STRONG><a name="[2e916b0]"></a>Reset_Handler</STRONG> (Thumb, 8 bytes, Stack size 0 bytes, startup_stm32f10x_cl.o(.text))
<BR>[Address Reference Count : 1]<UL><LI> startup_stm32f10x_cl.o(RESET)
</UL>
<P><STRONG><a name="[2e91458]"></a>ADC1_2_IRQHandler</STRONG> (Thumb, 0 bytes, Stack size 0 bytes, startup_stm32f10x_cl.o(.text))
<BR>[Address Reference Count : 1]<UL><LI> startup_stm32f10x_cl.o(RESET)
</UL>
<P><STRONG><a name="[2e9141c]"></a>CAN1_RX0_IRQHandler</STRONG> (Thumb, 0 bytes, Stack size 0 bytes, startup_stm32f10x_cl.o(.text))
<BR>[Address Reference Count : 1]<UL><LI> startup_stm32f10x_cl.o(RESET)
</UL>
<P><STRONG><a name="[2e913e0]"></a>CAN1_RX1_IRQHandler</STRONG> (Thumb, 0 bytes, Stack size 0 bytes, startup_stm32f10x_cl.o(.text))
<BR>[Address Reference Count : 1]<UL><LI> startup_stm32f10x_cl.o(RESET)
</UL>
<P><STRONG><a name="[2e913a4]"></a>CAN1_SCE_IRQHandler</STRONG> (Thumb, 0 bytes, Stack size 0 bytes, startup_stm32f10x_cl.o(.text))
<BR>[Address Reference Count : 1]<UL><LI> startup_stm32f10x_cl.o(RESET)
</UL>
<P><STRONG><a name="[2e91368]"></a>CAN1_TX_IRQHandler</STRONG> (Thumb, 0 bytes, Stack size 0 bytes, startup_stm32f10x_cl.o(.text))
<BR>[Address Reference Count : 1]<UL><LI> startup_stm32f10x_cl.o(RESET)
</UL>
<P><STRONG><a name="[2e9132c]"></a>CAN2_RX0_IRQHandler</STRONG> (Thumb, 0 bytes, Stack size 0 bytes, startup_stm32f10x_cl.o(.text))
<BR>[Address Reference Count : 1]<UL><LI> startup_stm32f10x_cl.o(RESET)
</UL>
<P><STRONG><a name="[2e912f0]"></a>CAN2_RX1_IRQHandler</STRONG> (Thumb, 0 bytes, Stack size 0 bytes, startup_stm32f10x_cl.o(.text))
<BR>[Address Reference Count : 1]<UL><LI> startup_stm32f10x_cl.o(RESET)
</UL>
<P><STRONG><a name="[2e912b4]"></a>CAN2_SCE_IRQHandler</STRONG> (Thumb, 0 bytes, Stack size 0 bytes, startup_stm32f10x_cl.o(.text))
<BR>[Address Reference Count : 1]<UL><LI> startup_stm32f10x_cl.o(RESET)
</UL>
<P><STRONG><a name="[2e91278]"></a>CAN2_TX_IRQHandler</STRONG> (Thumb, 0 bytes, Stack size 0 bytes, startup_stm32f10x_cl.o(.text))
<BR>[Address Reference Count : 1]<UL><LI> startup_stm32f10x_cl.o(RESET)
</UL>
<P><STRONG><a name="[2e9123c]"></a>DMA1_Channel1_IRQHandler</STRONG> (Thumb, 0 bytes, Stack size 0 bytes, startup_stm32f10x_cl.o(.text))
<BR>[Address Reference Count : 1]<UL><LI> startup_stm32f10x_cl.o(RESET)
</UL>
<P><STRONG><a name="[2e91200]"></a>DMA1_Channel2_IRQHandler</STRONG> (Thumb, 0 bytes, Stack size 0 bytes, startup_stm32f10x_cl.o(.text))
<BR>[Address Reference Count : 1]<UL><LI> startup_stm32f10x_cl.o(RESET)
</UL>
<P><STRONG><a name="[2e911c4]"></a>DMA1_Channel3_IRQHandler</STRONG> (Thumb, 0 bytes, Stack size 0 bytes, startup_stm32f10x_cl.o(.text))
<BR>[Address Reference Count : 1]<UL><LI> startup_stm32f10x_cl.o(RESET)
</UL>
<P><STRONG><a name="[2e91188]"></a>DMA1_Channel4_IRQHandler</STRONG> (Thumb, 0 bytes, Stack size 0 bytes, startup_stm32f10x_cl.o(.text))
<BR>[Address Reference Count : 1]<UL><LI> startup_stm32f10x_cl.o(RESET)
</UL>
<P><STRONG><a name="[2e9114c]"></a>DMA1_Channel5_IRQHandler</STRONG> (Thumb, 0 bytes, Stack size 0 bytes, startup_stm32f10x_cl.o(.text))
<BR>[Address Reference Count : 1]<UL><LI> startup_stm32f10x_cl.o(RESET)
</UL>
<P><STRONG><a name="[2e91110]"></a>DMA1_Channel6_IRQHandler</STRONG> (Thumb, 0 bytes, Stack size 0 bytes, startup_stm32f10x_cl.o(.text))
<BR>[Address Reference Count : 1]<UL><LI> startup_stm32f10x_cl.o(RESET)
</UL>
<P><STRONG><a name="[2e910d4]"></a>DMA1_Channel7_IRQHandler</STRONG> (Thumb, 0 bytes, Stack size 0 bytes, startup_stm32f10x_cl.o(.text))
<BR>[Address Reference Count : 1]<UL><LI> startup_stm32f10x_cl.o(RESET)
</UL>
<P><STRONG><a name="[2e91098]"></a>DMA2_Channel1_IRQHandler</STRONG> (Thumb, 0 bytes, Stack size 0 bytes, startup_stm32f10x_cl.o(.text))
<BR>[Address Reference Count : 1]<UL><LI> startup_stm32f10x_cl.o(RESET)
</UL>
<P><STRONG><a name="[2e9105c]"></a>DMA2_Channel2_IRQHandler</STRONG> (Thumb, 0 bytes, Stack size 0 bytes, startup_stm32f10x_cl.o(.text))
<BR>[Address Reference Count : 1]<UL><LI> startup_stm32f10x_cl.o(RESET)
</UL>
<P><STRONG><a name="[2e91020]"></a>DMA2_Channel3_IRQHandler</STRONG> (Thumb, 0 bytes, Stack size 0 bytes, startup_stm32f10x_cl.o(.text))
<BR>[Address Reference Count : 1]<UL><LI> startup_stm32f10x_cl.o(RESET)
</UL>
<P><STRONG><a name="[2e90fe4]"></a>DMA2_Channel4_IRQHandler</STRONG> (Thumb, 0 bytes, Stack size 0 bytes, startup_stm32f10x_cl.o(.text))
<BR>[Address Reference Count : 1]<UL><LI> startup_stm32f10x_cl.o(RESET)
</UL>
<P><STRONG><a name="[2e90fa8]"></a>DMA2_Channel5_IRQHandler</STRONG> (Thumb, 0 bytes, Stack size 0 bytes, startup_stm32f10x_cl.o(.text))
<BR>[Address Reference Count : 1]<UL><LI> startup_stm32f10x_cl.o(RESET)
</UL>
<P><STRONG><a name="[2e90f30]"></a>ETH_WKUP_IRQHandler</STRONG> (Thumb, 0 bytes, Stack size 0 bytes, startup_stm32f10x_cl.o(.text))
<BR>[Address Reference Count : 1]<UL><LI> startup_stm32f10x_cl.o(RESET)
</UL>
<P><STRONG><a name="[2e90ef4]"></a>EXTI0_IRQHandler</STRONG> (Thumb, 0 bytes, Stack size 0 bytes, startup_stm32f10x_cl.o(.text))
<BR>[Address Reference Count : 1]<UL><LI> startup_stm32f10x_cl.o(RESET)
</UL>
<P><STRONG><a name="[2e90eb8]"></a>EXTI15_10_IRQHandler</STRONG> (Thumb, 0 bytes, Stack size 0 bytes, startup_stm32f10x_cl.o(.text))
<BR>[Address Reference Count : 1]<UL><LI> startup_stm32f10x_cl.o(RESET)
</UL>
<P><STRONG><a name="[2e90e7c]"></a>EXTI1_IRQHandler</STRONG> (Thumb, 0 bytes, Stack size 0 bytes, startup_stm32f10x_cl.o(.text))
<BR>[Address Reference Count : 1]<UL><LI> startup_stm32f10x_cl.o(RESET)
</UL>
<P><STRONG><a name="[2e90e40]"></a>EXTI2_IRQHandler</STRONG> (Thumb, 0 bytes, Stack size 0 bytes, startup_stm32f10x_cl.o(.text))
<BR>[Address Reference Count : 1]<UL><LI> startup_stm32f10x_cl.o(RESET)
</UL>
<P><STRONG><a name="[2e90e04]"></a>EXTI3_IRQHandler</STRONG> (Thumb, 0 bytes, Stack size 0 bytes, startup_stm32f10x_cl.o(.text))
<BR>[Address Reference Count : 1]<UL><LI> startup_stm32f10x_cl.o(RESET)
</UL>
<P><STRONG><a name="[2e90dc8]"></a>EXTI4_IRQHandler</STRONG> (Thumb, 0 bytes, Stack size 0 bytes, startup_stm32f10x_cl.o(.text))
<BR>[Address Reference Count : 1]<UL><LI> startup_stm32f10x_cl.o(RESET)
</UL>
<P><STRONG><a name="[2e90d8c]"></a>EXTI9_5_IRQHandler</STRONG> (Thumb, 0 bytes, Stack size 0 bytes, startup_stm32f10x_cl.o(.text))
<BR>[Address Reference Count : 1]<UL><LI> startup_stm32f10x_cl.o(RESET)
</UL>
<P><STRONG><a name="[2e90d50]"></a>FLASH_IRQHandler</STRONG> (Thumb, 0 bytes, Stack size 0 bytes, startup_stm32f10x_cl.o(.text))
<BR>[Address Reference Count : 1]<UL><LI> startup_stm32f10x_cl.o(RESET)
</UL>
<P><STRONG><a name="[2e90d14]"></a>I2C1_ER_IRQHandler</STRONG> (Thumb, 0 bytes, Stack size 0 bytes, startup_stm32f10x_cl.o(.text))
<BR>[Address Reference Count : 1]<UL><LI> startup_stm32f10x_cl.o(RESET)
</UL>
<P><STRONG><a name="[2e90cd8]"></a>I2C1_EV_IRQHandler</STRONG> (Thumb, 0 bytes, Stack size 0 bytes, startup_stm32f10x_cl.o(.text))
<BR>[Address Reference Count : 1]<UL><LI> startup_stm32f10x_cl.o(RESET)
</UL>
<P><STRONG><a name="[2e90c9c]"></a>I2C2_ER_IRQHandler</STRONG> (Thumb, 0 bytes, Stack size 0 bytes, startup_stm32f10x_cl.o(.text))
<BR>[Address Reference Count : 1]<UL><LI> startup_stm32f10x_cl.o(RESET)
</UL>
<P><STRONG><a name="[2e90c60]"></a>I2C2_EV_IRQHandler</STRONG> (Thumb, 0 bytes, Stack size 0 bytes, startup_stm32f10x_cl.o(.text))
<BR>[Address Reference Count : 1]<UL><LI> startup_stm32f10x_cl.o(RESET)
</UL>
<P><STRONG><a name="[2e90c24]"></a>OTG_FS_IRQHandler</STRONG> (Thumb, 0 bytes, Stack size 0 bytes, startup_stm32f10x_cl.o(.text))
<BR>[Address Reference Count : 1]<UL><LI> startup_stm32f10x_cl.o(RESET)
</UL>
<P><STRONG><a name="[2e90be8]"></a>OTG_FS_WKUP_IRQHandler</STRONG> (Thumb, 0 bytes, Stack size 0 bytes, startup_stm32f10x_cl.o(.text))
<BR>[Address Reference Count : 1]<UL><LI> startup_stm32f10x_cl.o(RESET)
</UL>
<P><STRONG><a name="[2e90bac]"></a>PVD_IRQHandler</STRONG> (Thumb, 0 bytes, Stack size 0 bytes, startup_stm32f10x_cl.o(.text))
<BR>[Address Reference Count : 1]<UL><LI> startup_stm32f10x_cl.o(RESET)
</UL>
<P><STRONG><a name="[2e90b70]"></a>RCC_IRQHandler</STRONG> (Thumb, 0 bytes, Stack size 0 bytes, startup_stm32f10x_cl.o(.text))
<BR>[Address Reference Count : 1]<UL><LI> startup_stm32f10x_cl.o(RESET)
</UL>
<P><STRONG><a name="[2e90b34]"></a>RTCAlarm_IRQHandler</STRONG> (Thumb, 0 bytes, Stack size 0 bytes, startup_stm32f10x_cl.o(.text))
<BR>[Address Reference Count : 1]<UL><LI> startup_stm32f10x_cl.o(RESET)
</UL>
<P><STRONG><a name="[2e90af8]"></a>RTC_IRQHandler</STRONG> (Thumb, 0 bytes, Stack size 0 bytes, startup_stm32f10x_cl.o(.text))
<BR>[Address Reference Count : 1]<UL><LI> startup_stm32f10x_cl.o(RESET)
</UL>
<P><STRONG><a name="[2e90abc]"></a>SPI1_IRQHandler</STRONG> (Thumb, 0 bytes, Stack size 0 bytes, startup_stm32f10x_cl.o(.text))
<BR>[Address Reference Count : 1]<UL><LI> startup_stm32f10x_cl.o(RESET)
</UL>
<P><STRONG><a name="[2e90a80]"></a>SPI2_IRQHandler</STRONG> (Thumb, 0 bytes, Stack size 0 bytes, startup_stm32f10x_cl.o(.text))
<BR>[Address Reference Count : 1]<UL><LI> startup_stm32f10x_cl.o(RESET)
</UL>
<P><STRONG><a name="[2e90a44]"></a>SPI3_IRQHandler</STRONG> (Thumb, 0 bytes, Stack size 0 bytes, startup_stm32f10x_cl.o(.text))
<BR>[Address Reference Count : 1]<UL><LI> startup_stm32f10x_cl.o(RESET)
</UL>
<P><STRONG><a name="[2e90a08]"></a>TAMPER_IRQHandler</STRONG> (Thumb, 0 bytes, Stack size 0 bytes, startup_stm32f10x_cl.o(.text))
<BR>[Address Reference Count : 1]<UL><LI> startup_stm32f10x_cl.o(RESET)
</UL>
<P><STRONG><a name="[2e909cc]"></a>TIM1_BRK_IRQHandler</STRONG> (Thumb, 0 bytes, Stack size 0 bytes, startup_stm32f10x_cl.o(.text))
<BR>[Address Reference Count : 1]<UL><LI> startup_stm32f10x_cl.o(RESET)
</UL>
<P><STRONG><a name="[2e90990]"></a>TIM1_CC_IRQHandler</STRONG> (Thumb, 0 bytes, Stack size 0 bytes, startup_stm32f10x_cl.o(.text))
<BR>[Address Reference Count : 1]<UL><LI> startup_stm32f10x_cl.o(RESET)
</UL>
<P><STRONG><a name="[2e90954]"></a>TIM1_TRG_COM_IRQHandler</STRONG> (Thumb, 0 bytes, Stack size 0 bytes, startup_stm32f10x_cl.o(.text))
<BR>[Address Reference Count : 1]<UL><LI> startup_stm32f10x_cl.o(RESET)
</UL>
<P><STRONG><a name="[2e90918]"></a>TIM1_UP_IRQHandler</STRONG> (Thumb, 0 bytes, Stack size 0 bytes, startup_stm32f10x_cl.o(.text))
<BR>[Address Reference Count : 1]<UL><LI> startup_stm32f10x_cl.o(RESET)
</UL>
<P><STRONG><a name="[2e90864]"></a>TIM4_IRQHandler</STRONG> (Thumb, 0 bytes, Stack size 0 bytes, startup_stm32f10x_cl.o(.text))
<BR>[Address Reference Count : 1]<UL><LI> startup_stm32f10x_cl.o(RESET)
</UL>
<P><STRONG><a name="[2e90828]"></a>TIM5_IRQHandler</STRONG> (Thumb, 0 bytes, Stack size 0 bytes, startup_stm32f10x_cl.o(.text))
<BR>[Address Reference Count : 1]<UL><LI> startup_stm32f10x_cl.o(RESET)
</UL>
<P><STRONG><a name="[2e907ec]"></a>TIM6_IRQHandler</STRONG> (Thumb, 0 bytes, Stack size 0 bytes, startup_stm32f10x_cl.o(.text))
<BR>[Address Reference Count : 1]<UL><LI> startup_stm32f10x_cl.o(RESET)
</UL>
<P><STRONG><a name="[2e907b0]"></a>TIM7_IRQHandler</STRONG> (Thumb, 0 bytes, Stack size 0 bytes, startup_stm32f10x_cl.o(.text))
<BR>[Address Reference Count : 1]<UL><LI> startup_stm32f10x_cl.o(RESET)
</UL>
<P><STRONG><a name="[2e90774]"></a>UART4_IRQHandler</STRONG> (Thumb, 0 bytes, Stack size 0 bytes, startup_stm32f10x_cl.o(.text))
<BR>[Address Reference Count : 1]<UL><LI> startup_stm32f10x_cl.o(RESET)
</UL>
<P><STRONG><a name="[2e90738]"></a>UART5_IRQHandler</STRONG> (Thumb, 0 bytes, Stack size 0 bytes, startup_stm32f10x_cl.o(.text))
<BR>[Address Reference Count : 1]<UL><LI> startup_stm32f10x_cl.o(RESET)
</UL>
<P><STRONG><a name="[2e906fc]"></a>USART1_IRQHandler</STRONG> (Thumb, 0 bytes, Stack size 0 bytes, startup_stm32f10x_cl.o(.text))
<BR>[Address Reference Count : 1]<UL><LI> startup_stm32f10x_cl.o(RESET)
</UL>
<P><STRONG><a name="[2e90684]"></a>USART3_IRQHandler</STRONG> (Thumb, 0 bytes, Stack size 0 bytes, startup_stm32f10x_cl.o(.text))
<BR>[Address Reference Count : 1]<UL><LI> startup_stm32f10x_cl.o(RESET)
</UL>
<P><STRONG><a name="[2e90648]"></a>WWDG_IRQHandler</STRONG> (Thumb, 0 bytes, Stack size 0 bytes, startup_stm32f10x_cl.o(.text))
<BR>[Address Reference Count : 1]<UL><LI> startup_stm32f10x_cl.o(RESET)
</UL>
<P><STRONG><a name="[2fd1cb0]"></a>__aeabi_memcpy</STRONG> (Thumb, 36 bytes, Stack size 0 bytes, memcpya.o(.text))
<BR><BR>[Called By]<UL><LI><a href="#[fd79ac]">&gt;&gt;</a>&nbsp;&nbsp;&nbsp;tcp_write
<LI><a href="#[fd7e20]">&gt;&gt;</a>&nbsp;&nbsp;&nbsp;Getmeminf
<LI><a href="#[fd7ed4]">&gt;&gt;</a>&nbsp;&nbsp;&nbsp;udp_client_callback
<LI><a href="#[fd7f4c]">&gt;&gt;</a>&nbsp;&nbsp;&nbsp;tcp_client_reciver
<LI><a href="#[fddd48]">&gt;&gt;</a>&nbsp;&nbsp;&nbsp;Read_Eth_Packet
<LI><a href="#[27cf354]">&gt;&gt;</a>&nbsp;&nbsp;&nbsp;eMBMasterPoll
<LI><a href="#[27d563c]">&gt;&gt;</a>&nbsp;&nbsp;&nbsp;tftp_set_data_message
<LI><a href="#[27d58d0]">&gt;&gt;</a>&nbsp;&nbsp;&nbsp;tftp_send_message
<LI><a href="#[2ddebd4]">&gt;&gt;</a>&nbsp;&nbsp;&nbsp;pbuf_copy
<LI><a href="#[2de51c8]">&gt;&gt;</a>&nbsp;&nbsp;&nbsp;pbuf_copy_partial
<LI><a href="#[2e92484]">&gt;&gt;</a>&nbsp;&nbsp;&nbsp;low_level_output
<LI><a href="#[2e924c0]">&gt;&gt;</a>&nbsp;&nbsp;&nbsp;low_level_input
<LI><a href="#[2e938ac]">&gt;&gt;</a>&nbsp;&nbsp;&nbsp;etharp_update_arp_entry
<LI><a href="#[2e938e8]">&gt;&gt;</a>&nbsp;&nbsp;&nbsp;etharp_send_ip
<LI><a href="#[2e93924]">&gt;&gt;</a>&nbsp;&nbsp;&nbsp;etharp_raw
<LI><a href="#[2e93a14]">&gt;&gt;</a>&nbsp;&nbsp;&nbsp;etharp_arp_input
<LI><a href="#[2e9600c]">&gt;&gt;</a>&nbsp;&nbsp;&nbsp;ip_reass_free_complete_datagram
<LI><a href="#[2e96048]">&gt;&gt;</a>&nbsp;&nbsp;&nbsp;ip_reass_enqueue_new_datagram
<LI><a href="#[2e97fb0]">&gt;&gt;</a>&nbsp;&nbsp;&nbsp;ip_reass
<LI><a href="#[2e97fec]">&gt;&gt;</a>&nbsp;&nbsp;&nbsp;ip_frag
<LI><a href="#[2e99cfc]">&gt;&gt;</a>&nbsp;&nbsp;&nbsp;icmp_send_response
</UL>

<P><STRONG><a name="[2fd1c74]"></a>__aeabi_memcpy4</STRONG> (Thumb, 0 bytes, Stack size 0 bytes, memcpya.o(.text))
<BR><BR>[Called By]<UL><LI><a href="#[2eb8dbc]">&gt;&gt;</a>&nbsp;&nbsp;&nbsp;dir_getFileStructure
<LI><a href="#[2eb8f24]">&gt;&gt;</a>&nbsp;&nbsp;&nbsp;dir_findFreeEntryinBuf
<LI><a href="#[2eb8f60]">&gt;&gt;</a>&nbsp;&nbsp;&nbsp;dir_findFileinBuf
</UL>

<P><STRONG><a name="[2fd1c38]"></a>__aeabi_memcpy8</STRONG> (Thumb, 0 bytes, Stack size 0 bytes, memcpya.o(.text), UNUSED)

<P><STRONG><a name="[2fd1b48]"></a>__aeabi_memset</STRONG> (Thumb, 14 bytes, Stack size 0 bytes, memseta.o(.text), UNUSED)
<BR><BR>[Called By]<UL><LI><a href="#[2fd19e0]">&gt;&gt;</a>&nbsp;&nbsp;&nbsp;_memset$wrapper
<LI><a href="#[2fd1a94]">&gt;&gt;</a>&nbsp;&nbsp;&nbsp;__aeabi_memclr
</UL>

<P><STRONG><a name="[2fd1b0c]"></a>__aeabi_memset4</STRONG> (Thumb, 0 bytes, Stack size 0 bytes, memseta.o(.text), UNUSED)

<P><STRONG><a name="[2fd1ad0]"></a>__aeabi_memset8</STRONG> (Thumb, 0 bytes, Stack size 0 bytes, memseta.o(.text), UNUSED)

<P><STRONG><a name="[2fd1a94]"></a>__aeabi_memclr</STRONG> (Thumb, 4 bytes, Stack size 0 bytes, memseta.o(.text), UNUSED)
<BR><BR>[Calls]<UL><LI><a href="#[2fd1b48]">&gt;&gt;</a>&nbsp;&nbsp;&nbsp;__aeabi_memset
</UL>
<BR>[Called By]<UL></UL>

<P><STRONG><a name="[2fd1a58]"></a>__aeabi_memclr4</STRONG> (Thumb, 0 bytes, Stack size 0 bytes, memseta.o(.text))
<BR><BR>[Called By]<UL><LI><a href="#[fd78f8]">&gt;&gt;</a>&nbsp;&nbsp;&nbsp;udp_new
<LI><a href="#[fe05d4]">&gt;&gt;</a>&nbsp;&nbsp;&nbsp;dhcp_start
<LI><a href="#[2dd9468]">&gt;&gt;</a>&nbsp;&nbsp;&nbsp;tcp_alloc
<LI><a href="#[2de6230]">&gt;&gt;</a>&nbsp;&nbsp;&nbsp;dhcp_parse_reply
<LI><a href="#[2e96048]">&gt;&gt;</a>&nbsp;&nbsp;&nbsp;ip_reass_enqueue_new_datagram
</UL>

<P><STRONG><a name="[2fd1a1c]"></a>__aeabi_memclr8</STRONG> (Thumb, 0 bytes, Stack size 0 bytes, memseta.o(.text), UNUSED)

<P><STRONG><a name="[2fd19e0]"></a>_memset$wrapper</STRONG> (Thumb, 20 bytes, Stack size 8 bytes, memseta.o(.text), UNUSED)
<BR><BR>[Calls]<UL><LI><a href="#[2fd1b48]">&gt;&gt;</a>&nbsp;&nbsp;&nbsp;__aeabi_memset
</UL>

<P><STRONG><a name="[2fd1710]"></a>strlen</STRONG> (Thumb, 16 bytes, Stack size 0 bytes, strlen.o(.text))
<BR><BR>[Called By]<UL><LI><a href="#[fd7f4c]">&gt;&gt;</a>&nbsp;&nbsp;&nbsp;tcp_client_reciver
<LI><a href="#[27d5a38]">&gt;&gt;</a>&nbsp;&nbsp;&nbsp;tftp_construct_error_message
<LI><a href="#[2de6320]">&gt;&gt;</a>&nbsp;&nbsp;&nbsp;dhcp_option_hostname
</UL>

<P><STRONG><a name="[2fd1530]"></a>memcmp</STRONG> (Thumb, 26 bytes, Stack size 12 bytes, memcmp.o(.text))
<BR><BR>[Stack]<UL><LI>Max Depth = 12<LI>Call Chain = memcmp
</UL>
<BR>[Called By]<UL><LI><a href="#[fd7f4c]">&gt;&gt;</a>&nbsp;&nbsp;&nbsp;tcp_client_reciver
<LI><a href="#[fe055c]">&gt;&gt;</a>&nbsp;&nbsp;&nbsp;ethernet_input
</UL>

<P><STRONG><a name="[2fd1440]"></a>strcpy</STRONG> (Thumb, 18 bytes, Stack size 0 bytes, strcpy.o(.text))
<BR><BR>[Called By]<UL><LI><a href="#[27d55c4]">&gt;&gt;</a>&nbsp;&nbsp;&nbsp;tftp_set_errormsg
<LI><a href="#[27d56f0]">&gt;&gt;</a>&nbsp;&nbsp;&nbsp;tftp_extract_filename
</UL>

<P><STRONG><a name="[2fd1350]"></a>strncmp</STRONG> (Thumb, 30 bytes, Stack size 12 bytes, strncmp.o(.text))
<BR><BR>[Stack]<UL><LI>Max Depth = 12<LI>Call Chain = strncmp
</UL>
<BR>[Called By]<UL><LI><a href="#[fd7f4c]">&gt;&gt;</a>&nbsp;&nbsp;&nbsp;tcp_client_reciver
</UL>

<P><STRONG><a name="[30c6a18]"></a>__aeabi_uidiv</STRONG> (Thumb, 0 bytes, Stack size 12 bytes, uidiv.o(.text), UNUSED)

<P><STRONG><a name="[30c69dc]"></a>__aeabi_uidivmod</STRONG> (Thumb, 44 bytes, Stack size 12 bytes, uidiv.o(.text), UNUSED)
<BR><BR>[Called By]<UL><LI><a href="#[2fcb860]">&gt;&gt;</a>&nbsp;&nbsp;&nbsp;_printf_core
</UL>

<P><STRONG><a name="[30c4fd8]"></a>__scatterload</STRONG> (Thumb, 28 bytes, Stack size 0 bytes, init.o(.text))
<BR><BR>[Calls]<UL><LI><a href="#[2fc73b4]">&gt;&gt;</a>&nbsp;&nbsp;&nbsp;__main_after_scatterload
</UL>
<BR>[Called By]<UL><LI><a href="#[2fc73f0]">&gt;&gt;</a>&nbsp;&nbsp;&nbsp;_main_scatterload
</UL>

<P><STRONG><a name="[30c4f9c]"></a>__scatterload_rt2</STRONG> (Thumb, 0 bytes, Stack size 0 bytes, init.o(.text), UNUSED)

<P><STRONG><a name="[30c4678]"></a>__decompress</STRONG> (Thumb, 0 bytes, Stack size unknown bytes, __dczerorl2.o(.text), UNUSED)

<P><STRONG><a name="[30c463c]"></a>__decompress1</STRONG> (Thumb, 94 bytes, Stack size unknown bytes, __dczerorl2.o(.text), UNUSED)

<P><STRONG><a name="[fde018]"></a>BusFault_Handler</STRONG> (Thumb, 4 bytes, Stack size 0 bytes, stm32f10x_it.o(i.BusFault_Handler))
<BR>[Address Reference Count : 1]<UL><LI> startup_stm32f10x_cl.o(RESET)
</UL>
<P><STRONG><a name="[fddfdc]"></a>DebugMon_Handler</STRONG> (Thumb, 2 bytes, Stack size 0 bytes, stm32f10x_it.o(i.DebugMon_Handler))
<BR>[Address Reference Count : 1]<UL><LI> startup_stm32f10x_cl.o(RESET)
</UL>
<P><STRONG><a name="[fdddc0]"></a>ETH_DMAClearITPendingBit</STRONG> (Thumb, 6 bytes, Stack size 0 bytes, stm32_eth.o(i.ETH_DMAClearITPendingBit))
<BR><BR>[Called By]<UL><LI><a href="#[fddfa0]">&gt;&gt;</a>&nbsp;&nbsp;&nbsp;ETH_IRQHandler
</UL>

<P><STRONG><a name="[fdc77c]"></a>ETH_DMAITConfig</STRONG> (Thumb, 26 bytes, Stack size 0 bytes, stm32_eth.o(i.ETH_DMAITConfig))
<BR><BR>[Called By]<UL><LI><a href="#[fdc95c]">&gt;&gt;</a>&nbsp;&nbsp;&nbsp;Ethernet_Configuration
</UL>

<P><STRONG><a name="[2d32564]"></a>ETH_DMAReceptionCmd</STRONG> (Thumb, 30 bytes, Stack size 0 bytes, stm32_eth.o(i.ETH_DMAReceptionCmd))
<BR><BR>[Called By]<UL><LI><a href="#[2d311b4]">&gt;&gt;</a>&nbsp;&nbsp;&nbsp;ETH_Start
</UL>

<P><STRONG><a name="[2d32528]"></a>ETH_DMARxDescChainInit</STRONG> (Thumb, 72 bytes, Stack size 12 bytes, stm32_eth.o(i.ETH_DMARxDescChainInit))
<BR><BR>[Stack]<UL><LI>Max Depth = 12<LI>Call Chain = ETH_DMARxDescChainInit
</UL>
<BR>[Called By]<UL><LI><a href="#[2e91f5c]">&gt;&gt;</a>&nbsp;&nbsp;&nbsp;ETH_TxPkt_ChainMode
<LI><a href="#[2e924fc]">&gt;&gt;</a>&nbsp;&nbsp;&nbsp;low_level_init
</UL>

<P><STRONG><a name="[2d324b0]"></a>ETH_DMARxDescReceiveITConfig</STRONG> (Thumb, 22 bytes, Stack size 0 bytes, stm32_eth.o(i.ETH_DMARxDescReceiveITConfig))
<BR><BR>[Called By]<UL><LI><a href="#[2e91f5c]">&gt;&gt;</a>&nbsp;&nbsp;&nbsp;ETH_TxPkt_ChainMode
<LI><a href="#[2e924fc]">&gt;&gt;</a>&nbsp;&nbsp;&nbsp;low_level_init
</UL>

<P><STRONG><a name="[2d323fc]"></a>ETH_DMATransmissionCmd</STRONG> (Thumb, 30 bytes, Stack size 0 bytes, stm32_eth.o(i.ETH_DMATransmissionCmd))
<BR><BR>[Called By]<UL><LI><a href="#[2d311b4]">&gt;&gt;</a>&nbsp;&nbsp;&nbsp;ETH_Start
</UL>

<P><STRONG><a name="[2d32348]"></a>ETH_DMATxDescChainInit</STRONG> (Thumb, 66 bytes, Stack size 12 bytes, stm32_eth.o(i.ETH_DMATxDescChainInit))
<BR><BR>[Stack]<UL><LI>Max Depth = 12<LI>Call Chain = ETH_DMATxDescChainInit
</UL>
<BR>[Called By]<UL><LI><a href="#[2e91f5c]">&gt;&gt;</a>&nbsp;&nbsp;&nbsp;ETH_TxPkt_ChainMode
<LI><a href="#[2e924fc]">&gt;&gt;</a>&nbsp;&nbsp;&nbsp;low_level_init
</UL>

<P><STRONG><a name="[fdc740]"></a>ETH_DeInit</STRONG> (Thumb, 22 bytes, Stack size 8 bytes, stm32_eth.o(i.ETH_DeInit))
<BR><BR>[Stack]<UL><LI>Max Depth = 8<LI>Call Chain = ETH_DeInit
</UL>
<BR>[Calls]<UL><LI><a href="#[2c80464]">&gt;&gt;</a>&nbsp;&nbsp;&nbsp;RCC_AHBPeriphResetCmd
</UL>
<BR>[Called By]<UL><LI><a href="#[fdc95c]">&gt;&gt;</a>&nbsp;&nbsp;&nbsp;Ethernet_Configuration
</UL>

<P><STRONG><a name="[2d3203c]"></a>ETH_FlushTransmitFIFO</STRONG> (Thumb, 14 bytes, Stack size 0 bytes, stm32_eth.o(i.ETH_FlushTransmitFIFO))
<BR><BR>[Called By]<UL><LI><a href="#[2d311b4]">&gt;&gt;</a>&nbsp;&nbsp;&nbsp;ETH_Start
</UL>

<P><STRONG><a name="[2e91fd4]"></a>ETH_GetCurrentTxBuffer</STRONG> (Thumb, 8 bytes, Stack size 0 bytes, ethernetif.o(i.ETH_GetCurrentTxBuffer))
<BR><BR>[Called By]<UL><LI><a href="#[2e92484]">&gt;&gt;</a>&nbsp;&nbsp;&nbsp;low_level_output
</UL>

<P><STRONG><a name="[2d31da8]"></a>ETH_GetDMARxDescFrameLength</STRONG> (Thumb, 10 bytes, Stack size 0 bytes, stm32_eth.o(i.ETH_GetDMARxDescFrameLength))
<BR><BR>[Called By]<UL><LI><a href="#[fddd84]">&gt;&gt;</a>&nbsp;&nbsp;&nbsp;ETH_GetRxPktSize
</UL>

<P><STRONG><a name="[fddd84]"></a>ETH_GetRxPktSize</STRONG> (Thumb, 66 bytes, Stack size 4 bytes, stm32_eth.o(i.ETH_GetRxPktSize))
<BR><BR>[Stack]<UL><LI>Max Depth = 4<LI>Call Chain = ETH_GetRxPktSize
</UL>
<BR>[Calls]<UL><LI><a href="#[2d31da8]">&gt;&gt;</a>&nbsp;&nbsp;&nbsp;ETH_GetDMARxDescFrameLength
</UL>
<BR>[Called By]<UL><LI><a href="#[fddfa0]">&gt;&gt;</a>&nbsp;&nbsp;&nbsp;ETH_IRQHandler
</UL>

<P><STRONG><a name="[fdc704]"></a>ETH_GetSoftwareResetStatus</STRONG> (Thumb, 20 bytes, Stack size 0 bytes, stm32_eth.o(i.ETH_GetSoftwareResetStatus))
<BR><BR>[Called By]<UL><LI><a href="#[fdc95c]">&gt;&gt;</a>&nbsp;&nbsp;&nbsp;Ethernet_Configuration
</UL>

<P><STRONG><a name="[fddfa0]"></a>ETH_IRQHandler</STRONG> (Thumb, 32 bytes, Stack size 8 bytes, stm32f10x_it.o(i.ETH_IRQHandler))
<BR><BR>[Stack]<UL><LI>Max Depth = 44<LI>Call Chain = ETH_IRQHandler &rArr; Read_Eth_Packet &rArr; ETH_RxPkt_ChainMode
</UL>
<BR>[Calls]<UL><LI><a href="#[fddd48]">&gt;&gt;</a>&nbsp;&nbsp;&nbsp;Read_Eth_Packet
<LI><a href="#[fddd84]">&gt;&gt;</a>&nbsp;&nbsp;&nbsp;ETH_GetRxPktSize
<LI><a href="#[fdddc0]">&gt;&gt;</a>&nbsp;&nbsp;&nbsp;ETH_DMAClearITPendingBit
</UL>
<BR>[Address Reference Count : 1]<UL><LI> startup_stm32f10x_cl.o(RESET)
</UL>
<P><STRONG><a name="[fdc6c8]"></a>ETH_Init</STRONG> (Thumb, 562 bytes, Stack size 56 bytes, stm32_eth.o(i.ETH_Init))
<BR><BR>[Stack]<UL><LI>Max Depth = 80<LI>Call Chain = ETH_Init &rArr; RCC_GetClocksFreq
</UL>
<BR>[Calls]<UL><LI><a href="#[fdc434]">&gt;&gt;</a>&nbsp;&nbsp;&nbsp;RCC_GetClocksFreq
<LI><a href="#[2d3113c]">&gt;&gt;</a>&nbsp;&nbsp;&nbsp;ETH_WritePHYRegister
<LI><a href="#[2d31448]">&gt;&gt;</a>&nbsp;&nbsp;&nbsp;ETH_ReadPHYRegister
<LI><a href="#[2d32870]">&gt;&gt;</a>&nbsp;&nbsp;&nbsp;ETH_Delay
</UL>
<BR>[Called By]<UL><LI><a href="#[fdc95c]">&gt;&gt;</a>&nbsp;&nbsp;&nbsp;Ethernet_Configuration
</UL>

<P><STRONG><a name="[2d31844]"></a>ETH_MACAddressConfig</STRONG> (Thumb, 46 bytes, Stack size 8 bytes, stm32_eth.o(i.ETH_MACAddressConfig))
<BR><BR>[Stack]<UL><LI>Max Depth = 8<LI>Call Chain = ETH_MACAddressConfig
</UL>
<BR>[Called By]<UL><LI><a href="#[fe06c4]">&gt;&gt;</a>&nbsp;&nbsp;&nbsp;Set_MAC_Address
</UL>

<P><STRONG><a name="[2d31718]"></a>ETH_MACReceptionCmd</STRONG> (Thumb, 30 bytes, Stack size 0 bytes, stm32_eth.o(i.ETH_MACReceptionCmd))
<BR><BR>[Called By]<UL><LI><a href="#[2d311b4]">&gt;&gt;</a>&nbsp;&nbsp;&nbsp;ETH_Start
</UL>

<P><STRONG><a name="[2d316dc]"></a>ETH_MACTransmissionCmd</STRONG> (Thumb, 30 bytes, Stack size 0 bytes, stm32_eth.o(i.ETH_MACTransmissionCmd))
<BR><BR>[Called By]<UL><LI><a href="#[2d311b4]">&gt;&gt;</a>&nbsp;&nbsp;&nbsp;ETH_Start
</UL>

<P><STRONG><a name="[2d31448]"></a>ETH_ReadPHYRegister</STRONG> (Thumb, 86 bytes, Stack size 8 bytes, stm32_eth.o(i.ETH_ReadPHYRegister))
<BR><BR>[Stack]<UL><LI>Max Depth = 8<LI>Call Chain = ETH_ReadPHYRegister
</UL>
<BR>[Called By]<UL><LI><a href="#[fdc6c8]">&gt;&gt;</a>&nbsp;&nbsp;&nbsp;ETH_Init
</UL>

<P><STRONG><a name="[fe0700]"></a>ETH_Recive_Poll</STRONG> (Thumb, 24 bytes, Stack size 8 bytes, ethernetif.o(i.ETH_Recive_Poll))
<BR><BR>[Stack]<UL><LI>Max Depth = 164<LI>Call Chain = ETH_Recive_Poll &rArr; LwIP_Pkt_Handle &rArr; ethernetif_input &rArr; low_level_input &rArr; pbuf_alloc &rArr; pbuf_free &rArr; mem_free &rArr; plug_holes
</UL>
<BR>[Calls]<UL><LI><a href="#[fe073c]">&gt;&gt;</a>&nbsp;&nbsp;&nbsp;LwIP_Pkt_Handle
</UL>
<BR>[Called By]<UL><LI><a href="#[fe0778]">&gt;&gt;</a>&nbsp;&nbsp;&nbsp;LwIP_Periodic_Handle
</UL>

<P><STRONG><a name="[2e91f98]"></a>ETH_RxPkt_ChainMode</STRONG> (Thumb, 150 bytes, Stack size 20 bytes, ethernetif.o(i.ETH_RxPkt_ChainMode))
<BR><BR>[Stack]<UL><LI>Max Depth = 20<LI>Call Chain = ETH_RxPkt_ChainMode
</UL>
<BR>[Called By]<UL><LI><a href="#[fddd48]">&gt;&gt;</a>&nbsp;&nbsp;&nbsp;Read_Eth_Packet
</UL>

<P><STRONG><a name="[fdc68c]"></a>ETH_SoftwareReset</STRONG> (Thumb, 14 bytes, Stack size 0 bytes, stm32_eth.o(i.ETH_SoftwareReset))
<BR><BR>[Called By]<UL><LI><a href="#[fdc95c]">&gt;&gt;</a>&nbsp;&nbsp;&nbsp;Ethernet_Configuration
</UL>

<P><STRONG><a name="[2d311b4]"></a>ETH_Start</STRONG> (Thumb, 32 bytes, Stack size 4 bytes, stm32_eth.o(i.ETH_Start))
<BR><BR>[Stack]<UL><LI>Max Depth = 4<LI>Call Chain = ETH_Start
</UL>
<BR>[Calls]<UL><LI><a href="#[2d316dc]">&gt;&gt;</a>&nbsp;&nbsp;&nbsp;ETH_MACTransmissionCmd
<LI><a href="#[2d31718]">&gt;&gt;</a>&nbsp;&nbsp;&nbsp;ETH_MACReceptionCmd
<LI><a href="#[2d3203c]">&gt;&gt;</a>&nbsp;&nbsp;&nbsp;ETH_FlushTransmitFIFO
<LI><a href="#[2d323fc]">&gt;&gt;</a>&nbsp;&nbsp;&nbsp;ETH_DMATransmissionCmd
<LI><a href="#[2d32564]">&gt;&gt;</a>&nbsp;&nbsp;&nbsp;ETH_DMAReceptionCmd
</UL>
<BR>[Called By]<UL><LI><a href="#[2e91f5c]">&gt;&gt;</a>&nbsp;&nbsp;&nbsp;ETH_TxPkt_ChainMode
<LI><a href="#[2e924fc]">&gt;&gt;</a>&nbsp;&nbsp;&nbsp;low_level_init
</UL>

<P><STRONG><a name="[fdc650]"></a>ETH_StructInit</STRONG> (Thumb, 164 bytes, Stack size 0 bytes, stm32_eth.o(i.ETH_StructInit))
<BR><BR>[Called By]<UL><LI><a href="#[fdc95c]">&gt;&gt;</a>&nbsp;&nbsp;&nbsp;Ethernet_Configuration
</UL>

<P><STRONG><a name="[2e91f5c]"></a>ETH_TxPkt_ChainMode</STRONG> (Thumb, 152 bytes, Stack size 16 bytes, ethernetif.o(i.ETH_TxPkt_ChainMode))
<BR><BR>[Stack]<UL><LI>Max Depth = 288<LI>Call Chain = ETH_TxPkt_ChainMode &rArr; Ethernet_Configuration &rArr; ETH_Init &rArr; RCC_GetClocksFreq
</UL>
<BR>[Calls]<UL><LI><a href="#[fdc95c]">&gt;&gt;</a>&nbsp;&nbsp;&nbsp;Ethernet_Configuration
<LI><a href="#[fe06c4]">&gt;&gt;</a>&nbsp;&nbsp;&nbsp;Set_MAC_Address
<LI><a href="#[2d311b4]">&gt;&gt;</a>&nbsp;&nbsp;&nbsp;ETH_Start
<LI><a href="#[2d32348]">&gt;&gt;</a>&nbsp;&nbsp;&nbsp;ETH_DMATxDescChainInit
<LI><a href="#[2d324b0]">&gt;&gt;</a>&nbsp;&nbsp;&nbsp;ETH_DMARxDescReceiveITConfig
<LI><a href="#[2d32528]">&gt;&gt;</a>&nbsp;&nbsp;&nbsp;ETH_DMARxDescChainInit
</UL>
<BR>[Called By]<UL><LI><a href="#[2e92484]">&gt;&gt;</a>&nbsp;&nbsp;&nbsp;low_level_output
</UL>

<P><STRONG><a name="[2d3113c]"></a>ETH_WritePHYRegister</STRONG> (Thumb, 84 bytes, Stack size 12 bytes, stm32_eth.o(i.ETH_WritePHYRegister))
<BR><BR>[Stack]<UL><LI>Max Depth = 12<LI>Call Chain = ETH_WritePHYRegister
</UL>
<BR>[Called By]<UL><LI><a href="#[fdc6c8]">&gt;&gt;</a>&nbsp;&nbsp;&nbsp;ETH_Init
</UL>

<P><STRONG><a name="[2f27198]"></a>EnterCriticalSection</STRONG> (Thumb, 4 bytes, Stack size 0 bytes, port.o(i.EnterCriticalSection))
<BR><BR>[Called By]<UL><LI><a href="#[2f28db8]">&gt;&gt;</a>&nbsp;&nbsp;&nbsp;eMBMasterRTUStop
<LI><a href="#[2f28df4]">&gt;&gt;</a>&nbsp;&nbsp;&nbsp;eMBMasterRTUStart
<LI><a href="#[2f28e30]">&gt;&gt;</a>&nbsp;&nbsp;&nbsp;eMBMasterRTUSend
<LI><a href="#[2f28e6c]">&gt;&gt;</a>&nbsp;&nbsp;&nbsp;eMBMasterRTUReceive
<LI><a href="#[2f28ea8]">&gt;&gt;</a>&nbsp;&nbsp;&nbsp;eMBMasterRTUInit
<LI><a href="#[2fd5a18]">&gt;&gt;</a>&nbsp;&nbsp;&nbsp;xMBMasterPortSerialInit
</UL>

<P><STRONG><a name="[fdc95c]"></a>Ethernet_Configuration</STRONG> (Thumb, 130 bytes, Stack size 192 bytes, stm32f107.o(i.Ethernet_Configuration))
<BR><BR>[Stack]<UL><LI>Max Depth = 272<LI>Call Chain = Ethernet_Configuration &rArr; ETH_Init &rArr; RCC_GetClocksFreq
</UL>
<BR>[Calls]<UL><LI><a href="#[fdc3f8]">&gt;&gt;</a>&nbsp;&nbsp;&nbsp;RCC_MCOConfig
<LI><a href="#[fdc614]">&gt;&gt;</a>&nbsp;&nbsp;&nbsp;GPIO_ETH_MediaInterfaceConfig
<LI><a href="#[fdc650]">&gt;&gt;</a>&nbsp;&nbsp;&nbsp;ETH_StructInit
<LI><a href="#[fdc68c]">&gt;&gt;</a>&nbsp;&nbsp;&nbsp;ETH_SoftwareReset
<LI><a href="#[fdc6c8]">&gt;&gt;</a>&nbsp;&nbsp;&nbsp;ETH_Init
<LI><a href="#[fdc704]">&gt;&gt;</a>&nbsp;&nbsp;&nbsp;ETH_GetSoftwareResetStatus
<LI><a href="#[fdc740]">&gt;&gt;</a>&nbsp;&nbsp;&nbsp;ETH_DeInit
<LI><a href="#[fdc77c]">&gt;&gt;</a>&nbsp;&nbsp;&nbsp;ETH_DMAITConfig
</UL>
<BR>[Called By]<UL><LI><a href="#[fdc8a8]">&gt;&gt;</a>&nbsp;&nbsp;&nbsp;System_Setup
<LI><a href="#[2e91f5c]">&gt;&gt;</a>&nbsp;&nbsp;&nbsp;ETH_TxPkt_ChainMode
</UL>

<P><STRONG><a name="[2f2715c]"></a>ExitCriticalSection</STRONG> (Thumb, 4 bytes, Stack size 0 bytes, port.o(i.ExitCriticalSection))
<BR><BR>[Called By]<UL><LI><a href="#[2f28db8]">&gt;&gt;</a>&nbsp;&nbsp;&nbsp;eMBMasterRTUStop
<LI><a href="#[2f28df4]">&gt;&gt;</a>&nbsp;&nbsp;&nbsp;eMBMasterRTUStart
<LI><a href="#[2f28e30]">&gt;&gt;</a>&nbsp;&nbsp;&nbsp;eMBMasterRTUSend
<LI><a href="#[2f28e6c]">&gt;&gt;</a>&nbsp;&nbsp;&nbsp;eMBMasterRTUReceive
<LI><a href="#[2f28ea8]">&gt;&gt;</a>&nbsp;&nbsp;&nbsp;eMBMasterRTUInit
<LI><a href="#[2fd5a18]">&gt;&gt;</a>&nbsp;&nbsp;&nbsp;xMBMasterPortSerialInit
</UL>

<P><STRONG><a name="[fd7e5c]"></a>FS_Write</STRONG> (Thumb, 4 bytes, Stack size 0 bytes, filesystem.o(i.FS_Write))
<BR><BR>[Called By]<UL><LI><a href="#[fd812c]">&gt;&gt;</a>&nbsp;&nbsp;&nbsp;TcpTestThread
</UL>

<P><STRONG><a name="[fdc920]"></a>GPIO_Configuration</STRONG> (Thumb, 250 bytes, Stack size 8 bytes, stm32f107.o(i.GPIO_Configuration))
<BR><BR>[Stack]<UL><LI>Max Depth = 32<LI>Call Chain = GPIO_Configuration &rArr; GPIO_Init
</UL>
<BR>[Calls]<UL><LI><a href="#[fdc59c]">&gt;&gt;</a>&nbsp;&nbsp;&nbsp;GPIO_PinRemapConfig
<LI><a href="#[fdc5d8]">&gt;&gt;</a>&nbsp;&nbsp;&nbsp;GPIO_Init
</UL>
<BR>[Called By]<UL><LI><a href="#[fdc8a8]">&gt;&gt;</a>&nbsp;&nbsp;&nbsp;System_Setup
</UL>

<P><STRONG><a name="[fdc614]"></a>GPIO_ETH_MediaInterfaceConfig</STRONG> (Thumb, 6 bytes, Stack size 0 bytes, stm32f10x_gpio.o(i.GPIO_ETH_MediaInterfaceConfig))
<BR><BR>[Called By]<UL><LI><a href="#[fdc95c]">&gt;&gt;</a>&nbsp;&nbsp;&nbsp;Ethernet_Configuration
</UL>

<P><STRONG><a name="[fdc5d8]"></a>GPIO_Init</STRONG> (Thumb, 272 bytes, Stack size 24 bytes, stm32f10x_gpio.o(i.GPIO_Init))
<BR><BR>[Stack]<UL><LI>Max Depth = 24<LI>Call Chain = GPIO_Init
</UL>
<BR>[Called By]<UL><LI><a href="#[fdc920]">&gt;&gt;</a>&nbsp;&nbsp;&nbsp;GPIO_Configuration
<LI><a href="#[2f31878]">&gt;&gt;</a>&nbsp;&nbsp;&nbsp;SPI_Config
<LI><a href="#[2fd5a18]">&gt;&gt;</a>&nbsp;&nbsp;&nbsp;xMBMasterPortSerialInit
</UL>

<P><STRONG><a name="[fdc59c]"></a>GPIO_PinRemapConfig</STRONG> (Thumb, 136 bytes, Stack size 20 bytes, stm32f10x_gpio.o(i.GPIO_PinRemapConfig))
<BR><BR>[Stack]<UL><LI>Max Depth = 20<LI>Call Chain = GPIO_PinRemapConfig
</UL>
<BR>[Called By]<UL><LI><a href="#[fdc920]">&gt;&gt;</a>&nbsp;&nbsp;&nbsp;GPIO_Configuration
<LI><a href="#[2fd5a18]">&gt;&gt;</a>&nbsp;&nbsp;&nbsp;xMBMasterPortSerialInit
</UL>

<P><STRONG><a name="[27d1be0]"></a>GPIO_ResetBits</STRONG> (Thumb, 4 bytes, Stack size 0 bytes, stm32f10x_gpio.o(i.GPIO_ResetBits))
<BR><BR>[Called By]<UL><LI><a href="#[2f27120]">&gt;&gt;</a>&nbsp;&nbsp;&nbsp;vMBMasterPortSerialEnable
<LI><a href="#[2f3246c]">&gt;&gt;</a>&nbsp;&nbsp;&nbsp;if_spiSend
</UL>

<P><STRONG><a name="[27d1ba4]"></a>GPIO_SetBits</STRONG> (Thumb, 4 bytes, Stack size 0 bytes, stm32f10x_gpio.o(i.GPIO_SetBits))
<BR><BR>[Called By]<UL><LI><a href="#[2f27120]">&gt;&gt;</a>&nbsp;&nbsp;&nbsp;vMBMasterPortSerialEnable
<LI><a href="#[2f316d4]">&gt;&gt;</a>&nbsp;&nbsp;&nbsp;if_spiInit
<LI><a href="#[2f3246c]">&gt;&gt;</a>&nbsp;&nbsp;&nbsp;if_spiSend
</UL>

<P><STRONG><a name="[fe07f0]"></a>GetMacAddr</STRONG> (Thumb, 56 bytes, Stack size 0 bytes, netconf.o(i.GetMacAddr))
<BR><BR>[Called By]<UL><LI><a href="#[fe07b4]">&gt;&gt;</a>&nbsp;&nbsp;&nbsp;LwIP_Init
</UL>

<P><STRONG><a name="[fd7e20]"></a>Getmeminf</STRONG> (Thumb, 264 bytes, Stack size 24 bytes, mem.o(i.Getmeminf))
<BR><BR>[Stack]<UL><LI>Max Depth = 48<LI>Call Chain = Getmeminf &rArr; __2sprintf
</UL>
<BR>[Calls]<UL><LI><a href="#[2fcb4a0]">&gt;&gt;</a>&nbsp;&nbsp;&nbsp;__2sprintf
<LI><a href="#[2fd1cb0]">&gt;&gt;</a>&nbsp;&nbsp;&nbsp;__aeabi_memcpy
</UL>
<BR>[Called By]<UL><LI><a href="#[fd7f4c]">&gt;&gt;</a>&nbsp;&nbsp;&nbsp;tcp_client_reciver
</UL>

<P><STRONG><a name="[fddf64]"></a>HardFault_Handler</STRONG> (Thumb, 10 bytes, Stack size 8 bytes, stm32f10x_it.o(i.HardFault_Handler))
<BR><BR>[Stack]<UL><LI>Max Depth = 8<LI>Call Chain = HardFault_Handler
</UL>
<BR>[Calls]<UL><LI><a href="#[fde054]">&gt;&gt;</a>&nbsp;&nbsp;&nbsp;wait
</UL>
<BR>[Address Reference Count : 1]<UL><LI> startup_stm32f10x_cl.o(RESET)
</UL>
<P><STRONG><a name="[27cf660]"></a>InitTIM</STRONG> (Thumb, 154 bytes, Stack size 24 bytes, main.o(i.InitTIM))
<BR><BR>[Stack]<UL><LI>Max Depth = 40<LI>Call Chain = InitTIM &rArr; NVIC_Init
</UL>
<BR>[Calls]<UL><LI><a href="#[fdc524]">&gt;&gt;</a>&nbsp;&nbsp;&nbsp;NVIC_PriorityGroupConfig
<LI><a href="#[fdc560]">&gt;&gt;</a>&nbsp;&nbsp;&nbsp;NVIC_Init
<LI><a href="#[27cf390]">&gt;&gt;</a>&nbsp;&nbsp;&nbsp;TIM_TimeBaseInit
<LI><a href="#[27cf3cc]">&gt;&gt;</a>&nbsp;&nbsp;&nbsp;TIM_SetCounter
<LI><a href="#[27cf408]">&gt;&gt;</a>&nbsp;&nbsp;&nbsp;TIM_ITConfig
<LI><a href="#[27cf480]">&gt;&gt;</a>&nbsp;&nbsp;&nbsp;TIM_Cmd
<LI><a href="#[27cf4bc]">&gt;&gt;</a>&nbsp;&nbsp;&nbsp;TIM_ClearITPendingBit
<LI><a href="#[27cf534]">&gt;&gt;</a>&nbsp;&nbsp;&nbsp;TIM_ARRPreloadConfig
<LI><a href="#[27cf570]">&gt;&gt;</a>&nbsp;&nbsp;&nbsp;RCC_APB1PeriphClockCmd
</UL>
<BR>[Called By]<UL><LI><a href="#[27cf5e8]">&gt;&gt;</a>&nbsp;&nbsp;&nbsp;main
</UL>

<P><STRONG><a name="[fe07b4]"></a>LwIP_Init</STRONG> (Thumb, 74 bytes, Stack size 32 bytes, netconf.o(i.LwIP_Init))
<BR><BR>[Stack]<UL><LI>Max Depth = 540<LI>Call Chain = LwIP_Init &rArr; netif_add &rArr; netif_set_addr &rArr; netif_set_ipaddr &rArr; tcp_abort &rArr; tcp_abandon &rArr; tcp_pcb_remove &rArr; tcp_output &rArr; tcp_output_segment &rArr; ip_output &rArr; ip_output_if &rArr; ip_frag &rArr; pbuf_alloc &rArr; pbuf_free &rArr; mem_free &rArr; plug_holes
</UL>
<BR>[Calls]<UL><LI><a href="#[fe03b8]">&gt;&gt;</a>&nbsp;&nbsp;&nbsp;netif_set_up
<LI><a href="#[fe03f4]">&gt;&gt;</a>&nbsp;&nbsp;&nbsp;netif_set_default
<LI><a href="#[fe0430]">&gt;&gt;</a>&nbsp;&nbsp;&nbsp;netif_add
<LI><a href="#[fe046c]">&gt;&gt;</a>&nbsp;&nbsp;&nbsp;memp_init
<LI><a href="#[fe04a8]">&gt;&gt;</a>&nbsp;&nbsp;&nbsp;mem_init
<LI><a href="#[fe05d4]">&gt;&gt;</a>&nbsp;&nbsp;&nbsp;dhcp_start
<LI><a href="#[fe06c4]">&gt;&gt;</a>&nbsp;&nbsp;&nbsp;Set_MAC_Address
<LI><a href="#[fe07f0]">&gt;&gt;</a>&nbsp;&nbsp;&nbsp;GetMacAddr
</UL>
<BR>[Called By]<UL><LI><a href="#[27cf5e8]">&gt;&gt;</a>&nbsp;&nbsp;&nbsp;main
</UL>

<P><STRONG><a name="[fe0778]"></a>LwIP_Periodic_Handle</STRONG> (Thumb, 96 bytes, Stack size 8 bytes, netconf.o(i.LwIP_Periodic_Handle))
<BR><BR>[Stack]<UL><LI>Max Depth = 932<LI>Call Chain = LwIP_Periodic_Handle &rArr; TftpTrm250ms &rArr; tftp_send_error_message &rArr; tftp_send_message &rArr; udp_sendto &rArr; udp_sendto_if &rArr; ip_output_if &rArr; ip_frag &rArr; pbuf_alloc &rArr; pbuf_free &rArr; mem_free &rArr; plug_holes
</UL>
<BR>[Calls]<UL><LI><a href="#[fe037c]">&gt;&gt;</a>&nbsp;&nbsp;&nbsp;tcp_tmr
<LI><a href="#[fe0598]">&gt;&gt;</a>&nbsp;&nbsp;&nbsp;etharp_tmr
<LI><a href="#[fe0610]">&gt;&gt;</a>&nbsp;&nbsp;&nbsp;dhcp_fine_tmr
<LI><a href="#[fe064c]">&gt;&gt;</a>&nbsp;&nbsp;&nbsp;dhcp_coarse_tmr
<LI><a href="#[fe0688]">&gt;&gt;</a>&nbsp;&nbsp;&nbsp;TftpTrm250ms
<LI><a href="#[fe0700]">&gt;&gt;</a>&nbsp;&nbsp;&nbsp;ETH_Recive_Poll
</UL>
<BR>[Called By]<UL><LI><a href="#[27cf5e8]">&gt;&gt;</a>&nbsp;&nbsp;&nbsp;main
</UL>

<P><STRONG><a name="[fe073c]"></a>LwIP_Pkt_Handle</STRONG> (Thumb, 10 bytes, Stack size 8 bytes, netconf.o(i.LwIP_Pkt_Handle))
<BR><BR>[Stack]<UL><LI>Max Depth = 156<LI>Call Chain = LwIP_Pkt_Handle &rArr; ethernetif_input &rArr; low_level_input &rArr; pbuf_alloc &rArr; pbuf_free &rArr; mem_free &rArr; plug_holes
</UL>
<BR>[Calls]<UL><LI><a href="#[fe04e4]">&gt;&gt;</a>&nbsp;&nbsp;&nbsp;ethernetif_input
</UL>
<BR>[Called By]<UL><LI><a href="#[fe0700]">&gt;&gt;</a>&nbsp;&nbsp;&nbsp;ETH_Recive_Poll
</UL>

<P><STRONG><a name="[2fd4c44]"></a>Master_Send</STRONG> (Thumb, 62 bytes, Stack size 24 bytes, modbus_main.o(i.Master_Send))
<BR><BR>[Stack]<UL><LI>Max Depth = 84<LI>Call Chain = Master_Send &rArr; eMBMasterRTUSend &rArr; vMBMasterPortSerialEnable &rArr; USART_ITConfig
</UL>
<BR>[Calls]<UL><LI><a href="#[2f28d40]">&gt;&gt;</a>&nbsp;&nbsp;&nbsp;vMBMasterGetPDUSndBuf
<LI><a href="#[2f28e30]">&gt;&gt;</a>&nbsp;&nbsp;&nbsp;eMBMasterRTUSend
</UL>
<BR>[Called By]<UL><LI><a href="#[27cf5ac]">&gt;&gt;</a>&nbsp;&nbsp;&nbsp;ModbusSenttset
</UL>

<P><STRONG><a name="[fddf28]"></a>MemManage_Handler</STRONG> (Thumb, 4 bytes, Stack size 0 bytes, stm32f10x_it.o(i.MemManage_Handler))
<BR>[Address Reference Count : 1]<UL><LI> startup_stm32f10x_cl.o(RESET)
</UL>
<P><STRONG><a name="[27cf5ac]"></a>ModbusSenttset</STRONG> (Thumb, 34 bytes, Stack size 16 bytes, modbus_main.o(i.ModbusSenttset))
<BR><BR>[Stack]<UL><LI>Max Depth = 100<LI>Call Chain = ModbusSenttset &rArr; Master_Send &rArr; eMBMasterRTUSend &rArr; vMBMasterPortSerialEnable &rArr; USART_ITConfig
</UL>
<BR>[Calls]<UL><LI><a href="#[2fd4c44]">&gt;&gt;</a>&nbsp;&nbsp;&nbsp;Master_Send
</UL>
<BR>[Called By]<UL><LI><a href="#[27cf5e8]">&gt;&gt;</a>&nbsp;&nbsp;&nbsp;main
</UL>

<P><STRONG><a name="[fddeec]"></a>NMI_Handler</STRONG> (Thumb, 2 bytes, Stack size 0 bytes, stm32f10x_it.o(i.NMI_Handler))
<BR>[Address Reference Count : 1]<UL><LI> startup_stm32f10x_cl.o(RESET)
</UL>
<P><STRONG><a name="[fdc8e4]"></a>NVIC_Configuration</STRONG> (Thumb, 62 bytes, Stack size 8 bytes, stm32f107.o(i.NVIC_Configuration))
<BR><BR>[Stack]<UL><LI>Max Depth = 24<LI>Call Chain = NVIC_Configuration &rArr; NVIC_Init
</UL>
<BR>[Calls]<UL><LI><a href="#[fdc4e8]">&gt;&gt;</a>&nbsp;&nbsp;&nbsp;NVIC_SetVectorTable
<LI><a href="#[fdc524]">&gt;&gt;</a>&nbsp;&nbsp;&nbsp;NVIC_PriorityGroupConfig
<LI><a href="#[fdc560]">&gt;&gt;</a>&nbsp;&nbsp;&nbsp;NVIC_Init
</UL>
<BR>[Called By]<UL><LI><a href="#[fdc8a8]">&gt;&gt;</a>&nbsp;&nbsp;&nbsp;System_Setup
</UL>

<P><STRONG><a name="[fdc560]"></a>NVIC_Init</STRONG> (Thumb, 118 bytes, Stack size 16 bytes, misc.o(i.NVIC_Init))
<BR><BR>[Stack]<UL><LI>Max Depth = 16<LI>Call Chain = NVIC_Init
</UL>
<BR>[Called By]<UL><LI><a href="#[fdc8e4]">&gt;&gt;</a>&nbsp;&nbsp;&nbsp;NVIC_Configuration
<LI><a href="#[27cf660]">&gt;&gt;</a>&nbsp;&nbsp;&nbsp;InitTIM
<LI><a href="#[2fd59a0]">&gt;&gt;</a>&nbsp;&nbsp;&nbsp;xMBMasterPortTimersInit
<LI><a href="#[2fd5a18]">&gt;&gt;</a>&nbsp;&nbsp;&nbsp;xMBMasterPortSerialInit
</UL>

<P><STRONG><a name="[fdc524]"></a>NVIC_PriorityGroupConfig</STRONG> (Thumb, 10 bytes, Stack size 0 bytes, misc.o(i.NVIC_PriorityGroupConfig))
<BR><BR>[Called By]<UL><LI><a href="#[fdc8e4]">&gt;&gt;</a>&nbsp;&nbsp;&nbsp;NVIC_Configuration
<LI><a href="#[27cf660]">&gt;&gt;</a>&nbsp;&nbsp;&nbsp;InitTIM
<LI><a href="#[2fd59a0]">&gt;&gt;</a>&nbsp;&nbsp;&nbsp;xMBMasterPortTimersInit
<LI><a href="#[2fd5a18]">&gt;&gt;</a>&nbsp;&nbsp;&nbsp;xMBMasterPortSerialInit
</UL>

<P><STRONG><a name="[fdc4e8]"></a>NVIC_SetVectorTable</STRONG> (Thumb, 12 bytes, Stack size 0 bytes, misc.o(i.NVIC_SetVectorTable))
<BR><BR>[Called By]<UL><LI><a href="#[fdc8e4]">&gt;&gt;</a>&nbsp;&nbsp;&nbsp;NVIC_Configuration
</UL>

<P><STRONG><a name="[fddeb0]"></a>PendSV_Handler</STRONG> (Thumb, 2 bytes, Stack size 0 bytes, stm32f10x_it.o(i.PendSV_Handler))
<BR>[Address Reference Count : 1]<UL><LI> startup_stm32f10x_cl.o(RESET)
</UL>
<P><STRONG><a name="[fdc4ac]"></a>RCC_AHBPeriphClockCmd</STRONG> (Thumb, 26 bytes, Stack size 0 bytes, stm32f10x_rcc.o(i.RCC_AHBPeriphClockCmd))
<BR><BR>[Called By]<UL><LI><a href="#[fdc8a8]">&gt;&gt;</a>&nbsp;&nbsp;&nbsp;System_Setup
</UL>

<P><STRONG><a name="[2c80464]"></a>RCC_AHBPeriphResetCmd</STRONG> (Thumb, 26 bytes, Stack size 0 bytes, stm32f10x_rcc.o(i.RCC_AHBPeriphResetCmd))
<BR><BR>[Called By]<UL><LI><a href="#[fdc740]">&gt;&gt;</a>&nbsp;&nbsp;&nbsp;ETH_DeInit
</UL>

<P><STRONG><a name="[27cf570]"></a>RCC_APB1PeriphClockCmd</STRONG> (Thumb, 26 bytes, Stack size 0 bytes, stm32f10x_rcc.o(i.RCC_APB1PeriphClockCmd))
<BR><BR>[Called By]<UL><LI><a href="#[27cf660]">&gt;&gt;</a>&nbsp;&nbsp;&nbsp;InitTIM
<LI><a href="#[2fd59a0]">&gt;&gt;</a>&nbsp;&nbsp;&nbsp;xMBMasterPortTimersInit
<LI><a href="#[2fd5a18]">&gt;&gt;</a>&nbsp;&nbsp;&nbsp;xMBMasterPortSerialInit
</UL>

<P><STRONG><a name="[fdc470]"></a>RCC_APB2PeriphClockCmd</STRONG> (Thumb, 26 bytes, Stack size 0 bytes, stm32f10x_rcc.o(i.RCC_APB2PeriphClockCmd))
<BR><BR>[Called By]<UL><LI><a href="#[fdc8a8]">&gt;&gt;</a>&nbsp;&nbsp;&nbsp;System_Setup
<LI><a href="#[2f31878]">&gt;&gt;</a>&nbsp;&nbsp;&nbsp;SPI_Config
<LI><a href="#[2fd5a18]">&gt;&gt;</a>&nbsp;&nbsp;&nbsp;xMBMasterPortSerialInit
</UL>

<P><STRONG><a name="[fdc434]"></a>RCC_GetClocksFreq</STRONG> (Thumb, 378 bytes, Stack size 24 bytes, stm32f10x_rcc.o(i.RCC_GetClocksFreq))
<BR><BR>[Stack]<UL><LI>Max Depth = 24<LI>Call Chain = RCC_GetClocksFreq
</UL>
<BR>[Called By]<UL><LI><a href="#[fdc6c8]">&gt;&gt;</a>&nbsp;&nbsp;&nbsp;ETH_Init
<LI><a href="#[fdc8a8]">&gt;&gt;</a>&nbsp;&nbsp;&nbsp;System_Setup
<LI><a href="#[2d3caa0]">&gt;&gt;</a>&nbsp;&nbsp;&nbsp;USART_Init
</UL>

<P><STRONG><a name="[fdc3f8]"></a>RCC_MCOConfig</STRONG> (Thumb, 6 bytes, Stack size 0 bytes, stm32f10x_rcc.o(i.RCC_MCOConfig))
<BR><BR>[Called By]<UL><LI><a href="#[fdc95c]">&gt;&gt;</a>&nbsp;&nbsp;&nbsp;Ethernet_Configuration
</UL>

<P><STRONG><a name="[fddd48]"></a>Read_Eth_Packet</STRONG> (Thumb, 72 bytes, Stack size 16 bytes, ethernetif.o(i.Read_Eth_Packet))
<BR><BR>[Stack]<UL><LI>Max Depth = 36<LI>Call Chain = Read_Eth_Packet &rArr; ETH_RxPkt_ChainMode
</UL>
<BR>[Calls]<UL><LI><a href="#[2e91f98]">&gt;&gt;</a>&nbsp;&nbsp;&nbsp;ETH_RxPkt_ChainMode
<LI><a href="#[2fd1cb0]">&gt;&gt;</a>&nbsp;&nbsp;&nbsp;__aeabi_memcpy
</UL>
<BR>[Called By]<UL><LI><a href="#[fddfa0]">&gt;&gt;</a>&nbsp;&nbsp;&nbsp;ETH_IRQHandler
</UL>

<P><STRONG><a name="[2d04610]"></a>SPI_Cmd</STRONG> (Thumb, 24 bytes, Stack size 0 bytes, stm32f10x_spi.o(i.SPI_Cmd))
<BR><BR>[Called By]<UL><LI><a href="#[2f31878]">&gt;&gt;</a>&nbsp;&nbsp;&nbsp;SPI_Config
</UL>

<P><STRONG><a name="[2d04430]"></a>SPI_I2S_GetFlagStatus</STRONG> (Thumb, 18 bytes, Stack size 0 bytes, stm32f10x_spi.o(i.SPI_I2S_GetFlagStatus))
<BR><BR>[Called By]<UL><LI><a href="#[2f3183c]">&gt;&gt;</a>&nbsp;&nbsp;&nbsp;my_if_spiSend
<LI><a href="#[2f3246c]">&gt;&gt;</a>&nbsp;&nbsp;&nbsp;if_spiSend
</UL>

<P><STRONG><a name="[2d0437c]"></a>SPI_I2S_ReceiveData</STRONG> (Thumb, 6 bytes, Stack size 0 bytes, stm32f10x_spi.o(i.SPI_I2S_ReceiveData))
<BR><BR>[Called By]<UL><LI><a href="#[2f3183c]">&gt;&gt;</a>&nbsp;&nbsp;&nbsp;my_if_spiSend
<LI><a href="#[2f3246c]">&gt;&gt;</a>&nbsp;&nbsp;&nbsp;if_spiSend
</UL>

<P><STRONG><a name="[2d04340]"></a>SPI_I2S_SendData</STRONG> (Thumb, 4 bytes, Stack size 0 bytes, stm32f10x_spi.o(i.SPI_I2S_SendData))
<BR><BR>[Called By]<UL><LI><a href="#[2f3183c]">&gt;&gt;</a>&nbsp;&nbsp;&nbsp;my_if_spiSend
<LI><a href="#[2f3246c]">&gt;&gt;</a>&nbsp;&nbsp;&nbsp;if_spiSend
</UL>

<P><STRONG><a name="[2d04304]"></a>SPI_Init</STRONG> (Thumb, 60 bytes, Stack size 8 bytes, stm32f10x_spi.o(i.SPI_Init))
<BR><BR>[Stack]<UL><LI>Max Depth = 8<LI>Call Chain = SPI_Init
</UL>
<BR>[Called By]<UL><LI><a href="#[2f31878]">&gt;&gt;</a>&nbsp;&nbsp;&nbsp;SPI_Config
</UL>

<P><STRONG><a name="[fdde74]"></a>SVC_Handler</STRONG> (Thumb, 2 bytes, Stack size 0 bytes, stm32f10x_it.o(i.SVC_Handler))
<BR>[Address Reference Count : 1]<UL><LI> startup_stm32f10x_cl.o(RESET)
</UL>
<P><STRONG><a name="[fd8168]"></a>SendDataToSever</STRONG> (Thumb, 94 bytes, Stack size 16 bytes, client_tcpudp.o(i.SendDataToSever))
<BR><BR>[Stack]<UL><LI>Max Depth = 380<LI>Call Chain = SendDataToSever &rArr; tcp_output &rArr; tcp_output_segment &rArr; ip_output &rArr; ip_output_if &rArr; ip_frag &rArr; pbuf_alloc &rArr; pbuf_free &rArr; mem_free &rArr; plug_holes
</UL>
<BR>[Calls]<UL><LI><a href="#[fd79ac]">&gt;&gt;</a>&nbsp;&nbsp;&nbsp;tcp_write
<LI><a href="#[fd7a60]">&gt;&gt;</a>&nbsp;&nbsp;&nbsp;tcp_output
</UL>
<BR>[Called By]<UL><LI><a href="#[27cf5e8]">&gt;&gt;</a>&nbsp;&nbsp;&nbsp;main
</UL>

<P><STRONG><a name="[fe06c4]"></a>Set_MAC_Address</STRONG> (Thumb, 40 bytes, Stack size 8 bytes, ethernetif.o(i.Set_MAC_Address))
<BR><BR>[Stack]<UL><LI>Max Depth = 16<LI>Call Chain = Set_MAC_Address &rArr; ETH_MACAddressConfig
</UL>
<BR>[Calls]<UL><LI><a href="#[2d31844]">&gt;&gt;</a>&nbsp;&nbsp;&nbsp;ETH_MACAddressConfig
</UL>
<BR>[Called By]<UL><LI><a href="#[fe07b4]">&gt;&gt;</a>&nbsp;&nbsp;&nbsp;LwIP_Init
<LI><a href="#[2e91f5c]">&gt;&gt;</a>&nbsp;&nbsp;&nbsp;ETH_TxPkt_ChainMode
</UL>

<P><STRONG><a name="[fdde38]"></a>SysTick_Handler</STRONG> (Thumb, 8 bytes, Stack size 8 bytes, stm32f10x_it.o(i.SysTick_Handler))
<BR><BR>[Stack]<UL><LI>Max Depth = 8<LI>Call Chain = SysTick_Handler
</UL>
<BR>[Calls]<UL><LI><a href="#[fddd0c]">&gt;&gt;</a>&nbsp;&nbsp;&nbsp;Time_Update
</UL>
<BR>[Address Reference Count : 1]<UL><LI> startup_stm32f10x_cl.o(RESET)
</UL>
<P><STRONG><a name="[fdc3bc]"></a>SystemInit</STRONG> (Thumb, 92 bytes, Stack size 8 bytes, system_stm32f10x.o(i.SystemInit))
<BR><BR>[Stack]<UL><LI>Max Depth = 16<LI>Call Chain = SystemInit &rArr; SetSysClock
</UL>
<BR>[Calls]<UL><LI><a href="#[2eba9a0]">&gt;&gt;</a>&nbsp;&nbsp;&nbsp;SetSysClock
</UL>
<BR>[Called By]<UL><LI><a href="#[fdc8a8]">&gt;&gt;</a>&nbsp;&nbsp;&nbsp;System_Setup
</UL>
<BR>[Address Reference Count : 1]<UL><LI> startup_stm32f10x_cl.o(.text)
</UL>
<P><STRONG><a name="[fdc8a8]"></a>System_Setup</STRONG> (Thumb, 128 bytes, Stack size 32 bytes, stm32f107.o(i.System_Setup))
<BR><BR>[Stack]<UL><LI>Max Depth = 304<LI>Call Chain = System_Setup &rArr; Ethernet_Configuration &rArr; ETH_Init &rArr; RCC_GetClocksFreq
</UL>
<BR>[Calls]<UL><LI><a href="#[fdc344]">&gt;&gt;</a>&nbsp;&nbsp;&nbsp;eMBMasterInit
<LI><a href="#[fdc380]">&gt;&gt;</a>&nbsp;&nbsp;&nbsp;eMBMasterEnable
<LI><a href="#[fdc3bc]">&gt;&gt;</a>&nbsp;&nbsp;&nbsp;SystemInit
<LI><a href="#[fdc434]">&gt;&gt;</a>&nbsp;&nbsp;&nbsp;RCC_GetClocksFreq
<LI><a href="#[fdc470]">&gt;&gt;</a>&nbsp;&nbsp;&nbsp;RCC_APB2PeriphClockCmd
<LI><a href="#[fdc4ac]">&gt;&gt;</a>&nbsp;&nbsp;&nbsp;RCC_AHBPeriphClockCmd
<LI><a href="#[fdc8e4]">&gt;&gt;</a>&nbsp;&nbsp;&nbsp;NVIC_Configuration
<LI><a href="#[fdc920]">&gt;&gt;</a>&nbsp;&nbsp;&nbsp;GPIO_Configuration
<LI><a href="#[fdc95c]">&gt;&gt;</a>&nbsp;&nbsp;&nbsp;Ethernet_Configuration
<LI><a href="#[fdd3ac]">&gt;&gt;</a>&nbsp;&nbsp;&nbsp;NVIC_SetPriority
</UL>
<BR>[Called By]<UL><LI><a href="#[27cf5e8]">&gt;&gt;</a>&nbsp;&nbsp;&nbsp;main
</UL>

<P><STRONG><a name="[27cf624]"></a>TIM2_IRQHandler</STRONG> (Thumb, 40 bytes, Stack size 8 bytes, main.o(i.TIM2_IRQHandler))
<BR><BR>[Stack]<UL><LI>Max Depth = 20<LI>Call Chain = TIM2_IRQHandler &rArr; TIM_GetITStatus
</UL>
<BR>[Calls]<UL><LI><a href="#[27cf444]">&gt;&gt;</a>&nbsp;&nbsp;&nbsp;TIM_GetITStatus
<LI><a href="#[27cf4bc]">&gt;&gt;</a>&nbsp;&nbsp;&nbsp;TIM_ClearITPendingBit
<LI><a href="#[27cf4f8]">&gt;&gt;</a>&nbsp;&nbsp;&nbsp;TIM_ClearFlag
</UL>
<BR>[Address Reference Count : 1]<UL><LI> startup_stm32f10x_cl.o(RESET)
</UL>
<P><STRONG><a name="[2fd39fc]"></a>TIM3_IRQHandler</STRONG> (Thumb, 34 bytes, Stack size 8 bytes, porttimer_m.o(i.TIM3_IRQHandler))
<BR><BR>[Stack]<UL><LI>Max Depth = 20<LI>Call Chain = TIM3_IRQHandler &rArr; TIM_GetITStatus
</UL>
<BR>[Calls]<UL><LI><a href="#[27cf444]">&gt;&gt;</a>&nbsp;&nbsp;&nbsp;TIM_GetITStatus
<LI><a href="#[27cf4bc]">&gt;&gt;</a>&nbsp;&nbsp;&nbsp;TIM_ClearITPendingBit
<LI><a href="#[27cf4f8]">&gt;&gt;</a>&nbsp;&nbsp;&nbsp;TIM_ClearFlag
<LI><a href="#[2fd3b28]">&gt;&gt;</a>&nbsp;&nbsp;&nbsp;prvvTIMERExpiredISR
</UL>
<BR>[Address Reference Count : 1]<UL><LI> startup_stm32f10x_cl.o(RESET)
</UL>
<P><STRONG><a name="[27cf534]"></a>TIM_ARRPreloadConfig</STRONG> (Thumb, 24 bytes, Stack size 0 bytes, stm32f10x_tim.o(i.TIM_ARRPreloadConfig))
<BR><BR>[Called By]<UL><LI><a href="#[27cf660]">&gt;&gt;</a>&nbsp;&nbsp;&nbsp;InitTIM
<LI><a href="#[2fd59a0]">&gt;&gt;</a>&nbsp;&nbsp;&nbsp;xMBMasterPortTimersInit
</UL>

<P><STRONG><a name="[27cf4f8]"></a>TIM_ClearFlag</STRONG> (Thumb, 6 bytes, Stack size 0 bytes, stm32f10x_tim.o(i.TIM_ClearFlag))
<BR><BR>[Called By]<UL><LI><a href="#[27cf624]">&gt;&gt;</a>&nbsp;&nbsp;&nbsp;TIM2_IRQHandler
<LI><a href="#[2fd39fc]">&gt;&gt;</a>&nbsp;&nbsp;&nbsp;TIM3_IRQHandler
</UL>

<P><STRONG><a name="[27cf4bc]"></a>TIM_ClearITPendingBit</STRONG> (Thumb, 6 bytes, Stack size 0 bytes, stm32f10x_tim.o(i.TIM_ClearITPendingBit))
<BR><BR>[Called By]<UL><LI><a href="#[27cf624]">&gt;&gt;</a>&nbsp;&nbsp;&nbsp;TIM2_IRQHandler
<LI><a href="#[27cf660]">&gt;&gt;</a>&nbsp;&nbsp;&nbsp;InitTIM
<LI><a href="#[2f27030]">&gt;&gt;</a>&nbsp;&nbsp;&nbsp;vMBMasterPortTimersT35Enable
<LI><a href="#[2f2706c]">&gt;&gt;</a>&nbsp;&nbsp;&nbsp;vMBMasterPortTimersRespondTimeoutEnable
<LI><a href="#[2f270a8]">&gt;&gt;</a>&nbsp;&nbsp;&nbsp;vMBMasterPortTimersDisable
<LI><a href="#[2f270e4]">&gt;&gt;</a>&nbsp;&nbsp;&nbsp;vMBMasterPortTimersConvertDelayEnable
<LI><a href="#[2fd39fc]">&gt;&gt;</a>&nbsp;&nbsp;&nbsp;TIM3_IRQHandler
<LI><a href="#[2fd59a0]">&gt;&gt;</a>&nbsp;&nbsp;&nbsp;xMBMasterPortTimersInit
</UL>

<P><STRONG><a name="[27cf480]"></a>TIM_Cmd</STRONG> (Thumb, 24 bytes, Stack size 0 bytes, stm32f10x_tim.o(i.TIM_Cmd))
<BR><BR>[Called By]<UL><LI><a href="#[27cf660]">&gt;&gt;</a>&nbsp;&nbsp;&nbsp;InitTIM
<LI><a href="#[2f27030]">&gt;&gt;</a>&nbsp;&nbsp;&nbsp;vMBMasterPortTimersT35Enable
<LI><a href="#[2f2706c]">&gt;&gt;</a>&nbsp;&nbsp;&nbsp;vMBMasterPortTimersRespondTimeoutEnable
<LI><a href="#[2f270a8]">&gt;&gt;</a>&nbsp;&nbsp;&nbsp;vMBMasterPortTimersDisable
<LI><a href="#[2f270e4]">&gt;&gt;</a>&nbsp;&nbsp;&nbsp;vMBMasterPortTimersConvertDelayEnable
<LI><a href="#[2fd59a0]">&gt;&gt;</a>&nbsp;&nbsp;&nbsp;xMBMasterPortTimersInit
</UL>

<P><STRONG><a name="[27cf444]"></a>TIM_GetITStatus</STRONG> (Thumb, 34 bytes, Stack size 12 bytes, stm32f10x_tim.o(i.TIM_GetITStatus))
<BR><BR>[Stack]<UL><LI>Max Depth = 12<LI>Call Chain = TIM_GetITStatus
</UL>
<BR>[Called By]<UL><LI><a href="#[27cf624]">&gt;&gt;</a>&nbsp;&nbsp;&nbsp;TIM2_IRQHandler
<LI><a href="#[2fd39fc]">&gt;&gt;</a>&nbsp;&nbsp;&nbsp;TIM3_IRQHandler
</UL>

<P><STRONG><a name="[27cf408]"></a>TIM_ITConfig</STRONG> (Thumb, 24 bytes, Stack size 8 bytes, stm32f10x_tim.o(i.TIM_ITConfig))
<BR><BR>[Stack]<UL><LI>Max Depth = 8<LI>Call Chain = TIM_ITConfig
</UL>
<BR>[Called By]<UL><LI><a href="#[27cf660]">&gt;&gt;</a>&nbsp;&nbsp;&nbsp;InitTIM
<LI><a href="#[2f27030]">&gt;&gt;</a>&nbsp;&nbsp;&nbsp;vMBMasterPortTimersT35Enable
<LI><a href="#[2f2706c]">&gt;&gt;</a>&nbsp;&nbsp;&nbsp;vMBMasterPortTimersRespondTimeoutEnable
<LI><a href="#[2f270a8]">&gt;&gt;</a>&nbsp;&nbsp;&nbsp;vMBMasterPortTimersDisable
<LI><a href="#[2f270e4]">&gt;&gt;</a>&nbsp;&nbsp;&nbsp;vMBMasterPortTimersConvertDelayEnable
<LI><a href="#[2fd59a0]">&gt;&gt;</a>&nbsp;&nbsp;&nbsp;xMBMasterPortTimersInit
</UL>

<P><STRONG><a name="[27cf3cc]"></a>TIM_SetCounter</STRONG> (Thumb, 4 bytes, Stack size 0 bytes, stm32f10x_tim.o(i.TIM_SetCounter))
<BR><BR>[Called By]<UL><LI><a href="#[27cf660]">&gt;&gt;</a>&nbsp;&nbsp;&nbsp;InitTIM
<LI><a href="#[2f27030]">&gt;&gt;</a>&nbsp;&nbsp;&nbsp;vMBMasterPortTimersT35Enable
<LI><a href="#[2f2706c]">&gt;&gt;</a>&nbsp;&nbsp;&nbsp;vMBMasterPortTimersRespondTimeoutEnable
<LI><a href="#[2f270a8]">&gt;&gt;</a>&nbsp;&nbsp;&nbsp;vMBMasterPortTimersDisable
<LI><a href="#[2f270e4]">&gt;&gt;</a>&nbsp;&nbsp;&nbsp;vMBMasterPortTimersConvertDelayEnable
</UL>

<P><STRONG><a name="[27cf390]"></a>TIM_TimeBaseInit</STRONG> (Thumb, 122 bytes, Stack size 0 bytes, stm32f10x_tim.o(i.TIM_TimeBaseInit))
<BR><BR>[Called By]<UL><LI><a href="#[27cf660]">&gt;&gt;</a>&nbsp;&nbsp;&nbsp;InitTIM
<LI><a href="#[2f27030]">&gt;&gt;</a>&nbsp;&nbsp;&nbsp;vMBMasterPortTimersT35Enable
<LI><a href="#[2f2706c]">&gt;&gt;</a>&nbsp;&nbsp;&nbsp;vMBMasterPortTimersRespondTimeoutEnable
<LI><a href="#[2f270e4]">&gt;&gt;</a>&nbsp;&nbsp;&nbsp;vMBMasterPortTimersConvertDelayEnable
</UL>

<P><STRONG><a name="[fd812c]"></a>TcpTestThread</STRONG> (Thumb, 68 bytes, Stack size 8 bytes, client_tcpudp.o(i.TcpTestThread))
<BR><BR>[Stack]<UL><LI>Max Depth = 500<LI>Call Chain = TcpTestThread &rArr; tcp_client_callback &rArr; tcp_new &rArr; tcp_alloc &rArr; tcp_kill_prio &rArr; tcp_abort &rArr; tcp_abandon &rArr; tcp_pcb_remove &rArr; tcp_output &rArr; tcp_output_segment &rArr; ip_output &rArr; ip_output_if &rArr; ip_frag &rArr; pbuf_alloc &rArr; pbuf_free &rArr; mem_free &rArr; plug_holes
</UL>
<BR>[Calls]<UL><LI><a href="#[fd7e5c]">&gt;&gt;</a>&nbsp;&nbsp;&nbsp;FS_Write
<LI><a href="#[fd7e98]">&gt;&gt;</a>&nbsp;&nbsp;&nbsp;udp_client_callback_app
<LI><a href="#[fd803c]">&gt;&gt;</a>&nbsp;&nbsp;&nbsp;tcp_client_callback
</UL>
<BR>[Called By]<UL><LI><a href="#[27cf5e8]">&gt;&gt;</a>&nbsp;&nbsp;&nbsp;main
</UL>

<P><STRONG><a name="[fe0688]"></a>TftpTrm250ms</STRONG> (Thumb, 66 bytes, Stack size 8 bytes, tftpserver.o(i.TftpTrm250ms))
<BR><BR>[Stack]<UL><LI>Max Depth = 924<LI>Call Chain = TftpTrm250ms &rArr; tftp_send_error_message &rArr; tftp_send_message &rArr; udp_sendto &rArr; udp_sendto_if &rArr; ip_output_if &rArr; ip_frag &rArr; pbuf_alloc &rArr; pbuf_free &rArr; mem_free &rArr; plug_holes
</UL>
<BR>[Calls]<UL><LI><a href="#[27d590c]">&gt;&gt;</a>&nbsp;&nbsp;&nbsp;tftp_send_error_message
<LI><a href="#[27d5ab0]">&gt;&gt;</a>&nbsp;&nbsp;&nbsp;tftp_cleanup_rd
</UL>
<BR>[Called By]<UL><LI><a href="#[fe0778]">&gt;&gt;</a>&nbsp;&nbsp;&nbsp;LwIP_Periodic_Handle
</UL>

<P><STRONG><a name="[fddd0c]"></a>Time_Update</STRONG> (Thumb, 2 bytes, Stack size 0 bytes, main.o(i.Time_Update))
<BR><BR>[Called By]<UL><LI><a href="#[fdde38]">&gt;&gt;</a>&nbsp;&nbsp;&nbsp;SysTick_Handler
</UL>

<P><STRONG><a name="[2fd2ca0]"></a>USART2_IRQHandler</STRONG> (Thumb, 50 bytes, Stack size 8 bytes, portserial_m.o(i.USART2_IRQHandler))
<BR><BR>[Stack]<UL><LI>Max Depth = 24<LI>Call Chain = USART2_IRQHandler &rArr; USART_GetITStatus
</UL>
<BR>[Calls]<UL><LI><a href="#[2d3cb54]">&gt;&gt;</a>&nbsp;&nbsp;&nbsp;USART_GetITStatus
<LI><a href="#[2d3ccf8]">&gt;&gt;</a>&nbsp;&nbsp;&nbsp;USART_ClearITPendingBit
<LI><a href="#[2fd2dcc]">&gt;&gt;</a>&nbsp;&nbsp;&nbsp;prvvUARTTxReadyISR
<LI><a href="#[2fd2e08]">&gt;&gt;</a>&nbsp;&nbsp;&nbsp;prvvUARTRxISR
</UL>
<BR>[Address Reference Count : 1]<UL><LI> startup_stm32f10x_cl.o(RESET)
</UL>
<P><STRONG><a name="[2d3ccf8]"></a>USART_ClearITPendingBit</STRONG> (Thumb, 30 bytes, Stack size 8 bytes, stm32f10x_usart.o(i.USART_ClearITPendingBit))
<BR><BR>[Stack]<UL><LI>Max Depth = 8<LI>Call Chain = USART_ClearITPendingBit
</UL>
<BR>[Called By]<UL><LI><a href="#[2fd2ca0]">&gt;&gt;</a>&nbsp;&nbsp;&nbsp;USART2_IRQHandler
</UL>

<P><STRONG><a name="[2d3cc44]"></a>USART_Cmd</STRONG> (Thumb, 24 bytes, Stack size 0 bytes, stm32f10x_usart.o(i.USART_Cmd))
<BR><BR>[Called By]<UL><LI><a href="#[2fd5a18]">&gt;&gt;</a>&nbsp;&nbsp;&nbsp;xMBMasterPortSerialInit
</UL>

<P><STRONG><a name="[2d3cb54]"></a>USART_GetITStatus</STRONG> (Thumb, 84 bytes, Stack size 16 bytes, stm32f10x_usart.o(i.USART_GetITStatus))
<BR><BR>[Stack]<UL><LI>Max Depth = 16<LI>Call Chain = USART_GetITStatus
</UL>
<BR>[Called By]<UL><LI><a href="#[2fd2ca0]">&gt;&gt;</a>&nbsp;&nbsp;&nbsp;USART2_IRQHandler
</UL>

<P><STRONG><a name="[2d3cadc]"></a>USART_ITConfig</STRONG> (Thumb, 72 bytes, Stack size 20 bytes, stm32f10x_usart.o(i.USART_ITConfig))
<BR><BR>[Stack]<UL><LI>Max Depth = 20<LI>Call Chain = USART_ITConfig
</UL>
<BR>[Called By]<UL><LI><a href="#[2f27120]">&gt;&gt;</a>&nbsp;&nbsp;&nbsp;vMBMasterPortSerialEnable
<LI><a href="#[2fd5a18]">&gt;&gt;</a>&nbsp;&nbsp;&nbsp;xMBMasterPortSerialInit
</UL>

<P><STRONG><a name="[2d3caa0]"></a>USART_Init</STRONG> (Thumb, 210 bytes, Stack size 56 bytes, stm32f10x_usart.o(i.USART_Init))
<BR><BR>[Stack]<UL><LI>Max Depth = 80<LI>Call Chain = USART_Init &rArr; RCC_GetClocksFreq
</UL>
<BR>[Calls]<UL><LI><a href="#[fdc434]">&gt;&gt;</a>&nbsp;&nbsp;&nbsp;RCC_GetClocksFreq
</UL>
<BR>[Called By]<UL><LI><a href="#[2fd5a18]">&gt;&gt;</a>&nbsp;&nbsp;&nbsp;xMBMasterPortSerialInit
</UL>

<P><STRONG><a name="[2d3c8fc]"></a>USART_ReceiveData</STRONG> (Thumb, 10 bytes, Stack size 0 bytes, stm32f10x_usart.o(i.USART_ReceiveData))
<BR><BR>[Called By]<UL><LI><a href="#[2fd5a54]">&gt;&gt;</a>&nbsp;&nbsp;&nbsp;xMBMasterPortSerialGetByte
</UL>

<P><STRONG><a name="[2d3c848]"></a>USART_SendData</STRONG> (Thumb, 8 bytes, Stack size 0 bytes, stm32f10x_usart.o(i.USART_SendData))
<BR><BR>[Called By]<UL><LI><a href="#[2fd59dc]">&gt;&gt;</a>&nbsp;&nbsp;&nbsp;xMBMasterPortSerialPutByte
</UL>

<P><STRONG><a name="[fdddfc]"></a>UsageFault_Handler</STRONG> (Thumb, 4 bytes, Stack size 0 bytes, stm32f10x_it.o(i.UsageFault_Handler))
<BR>[Address Reference Count : 1]<UL><LI> startup_stm32f10x_cl.o(RESET)
</UL>
<P><STRONG><a name="[2fcb518]"></a>__0sprintf$6</STRONG> (Thumb, 34 bytes, Stack size 24 bytes, printf6.o(i.__0sprintf$6), UNUSED)
<BR><BR>[Calls]<UL><LI><a href="#[2fcb770]">&gt;&gt;</a>&nbsp;&nbsp;&nbsp;_sputc
<LI><a href="#[2fcb860]">&gt;&gt;</a>&nbsp;&nbsp;&nbsp;_printf_core
</UL>

<P><STRONG><a name="[2fcb4dc]"></a>__1sprintf$6</STRONG> (Thumb, 0 bytes, Stack size 24 bytes, printf6.o(i.__0sprintf$6), UNUSED)

<P><STRONG><a name="[2fcb4a0]"></a>__2sprintf</STRONG> (Thumb, 0 bytes, Stack size 24 bytes, printf6.o(i.__0sprintf$6))
<BR><BR>[Stack]<UL><LI>Max Depth = 24<LI>Call Chain = __2sprintf
</UL>
<BR>[Called By]<UL><LI><a href="#[fd7e20]">&gt;&gt;</a>&nbsp;&nbsp;&nbsp;Getmeminf
</UL>

<P><STRONG><a name="[30c47e0]"></a>__scatterload_copy</STRONG> (Thumb, 14 bytes, Stack size unknown bytes, handlers.o(i.__scatterload_copy), UNUSED)

<P><STRONG><a name="[30c47a4]"></a>__scatterload_null</STRONG> (Thumb, 2 bytes, Stack size unknown bytes, handlers.o(i.__scatterload_null), UNUSED)

<P><STRONG><a name="[30c4768]"></a>__scatterload_zeroinit</STRONG> (Thumb, 14 bytes, Stack size unknown bytes, handlers.o(i.__scatterload_zeroinit), UNUSED)

<P><STRONG><a name="[2de554c]"></a>dhcp_arp_reply</STRONG> (Thumb, 48 bytes, Stack size 16 bytes, dhcp.o(i.dhcp_arp_reply))
<BR><BR>[Stack]<UL><LI>Max Depth = 356<LI>Call Chain = dhcp_arp_reply &rArr; dhcp_decline &rArr; udp_sendto_if &rArr; ip_output_if &rArr; ip_frag &rArr; pbuf_alloc &rArr; pbuf_free &rArr; mem_free &rArr; plug_holes
</UL>
<BR>[Calls]<UL><LI><a href="#[2de6500]">&gt;&gt;</a>&nbsp;&nbsp;&nbsp;dhcp_decline
</UL>
<BR>[Called By]<UL><LI><a href="#[2e93a14]">&gt;&gt;</a>&nbsp;&nbsp;&nbsp;etharp_arp_input
</UL>

<P><STRONG><a name="[fe064c]"></a>dhcp_coarse_tmr</STRONG> (Thumb, 70 bytes, Stack size 8 bytes, dhcp.o(i.dhcp_coarse_tmr))
<BR><BR>[Stack]<UL><LI>Max Depth = 356<LI>Call Chain = dhcp_coarse_tmr &rArr; dhcp_t2_timeout &rArr; dhcp_rebind &rArr; udp_sendto_if &rArr; ip_output_if &rArr; ip_frag &rArr; pbuf_alloc &rArr; pbuf_free &rArr; mem_free &rArr; plug_holes
</UL>
<BR>[Calls]<UL><LI><a href="#[2de608c]">&gt;&gt;</a>&nbsp;&nbsp;&nbsp;dhcp_t2_timeout
<LI><a href="#[2de60c8]">&gt;&gt;</a>&nbsp;&nbsp;&nbsp;dhcp_t1_timeout
</UL>
<BR>[Called By]<UL><LI><a href="#[fe0778]">&gt;&gt;</a>&nbsp;&nbsp;&nbsp;LwIP_Periodic_Handle
</UL>

<P><STRONG><a name="[fe0610]"></a>dhcp_fine_tmr</STRONG> (Thumb, 64 bytes, Stack size 8 bytes, dhcp.o(i.dhcp_fine_tmr))
<BR><BR>[Stack]<UL><LI>Max Depth = 500<LI>Call Chain = dhcp_fine_tmr &rArr; dhcp_timeout &rArr; dhcp_release &rArr; netif_set_ipaddr &rArr; tcp_abort &rArr; tcp_abandon &rArr; tcp_pcb_remove &rArr; tcp_output &rArr; tcp_output_segment &rArr; ip_output &rArr; ip_output_if &rArr; ip_frag &rArr; pbuf_alloc &rArr; pbuf_free &rArr; mem_free &rArr; plug_holes
</UL>
<BR>[Calls]<UL><LI><a href="#[2de6050]">&gt;&gt;</a>&nbsp;&nbsp;&nbsp;dhcp_timeout
</UL>
<BR>[Called By]<UL><LI><a href="#[fe0778]">&gt;&gt;</a>&nbsp;&nbsp;&nbsp;LwIP_Periodic_Handle
</UL>

<P><STRONG><a name="[2de545c]"></a>dhcp_release</STRONG> (Thumb, 160 bytes, Stack size 24 bytes, dhcp.o(i.dhcp_release))
<BR><BR>[Stack]<UL><LI>Max Depth = 476<LI>Call Chain = dhcp_release &rArr; netif_set_ipaddr &rArr; tcp_abort &rArr; tcp_abandon &rArr; tcp_pcb_remove &rArr; tcp_output &rArr; tcp_output_segment &rArr; ip_output &rArr; ip_output_if &rArr; ip_frag &rArr; pbuf_alloc &rArr; pbuf_free &rArr; mem_free &rArr; plug_holes
</UL>
<BR>[Calls]<UL><LI><a href="#[2de5114]">&gt;&gt;</a>&nbsp;&nbsp;&nbsp;udp_sendto_if
<LI><a href="#[2de518c]">&gt;&gt;</a>&nbsp;&nbsp;&nbsp;pbuf_realloc
<LI><a href="#[2de5204]">&gt;&gt;</a>&nbsp;&nbsp;&nbsp;netif_set_netmask
<LI><a href="#[2de5240]">&gt;&gt;</a>&nbsp;&nbsp;&nbsp;netif_set_ipaddr
<LI><a href="#[2de527c]">&gt;&gt;</a>&nbsp;&nbsp;&nbsp;netif_set_gw
<LI><a href="#[2de52b8]">&gt;&gt;</a>&nbsp;&nbsp;&nbsp;netif_set_down
<LI><a href="#[2de6104]">&gt;&gt;</a>&nbsp;&nbsp;&nbsp;dhcp_set_state
<LI><a href="#[2de626c]">&gt;&gt;</a>&nbsp;&nbsp;&nbsp;dhcp_option_trailer
<LI><a href="#[2de64c4]">&gt;&gt;</a>&nbsp;&nbsp;&nbsp;dhcp_delete_msg
<LI><a href="#[2de653c]">&gt;&gt;</a>&nbsp;&nbsp;&nbsp;dhcp_create_msg
</UL>
<BR>[Called By]<UL><LI><a href="#[2de6050]">&gt;&gt;</a>&nbsp;&nbsp;&nbsp;dhcp_timeout
</UL>

<P><STRONG><a name="[2de5420]"></a>dhcp_renew</STRONG> (Thumb, 140 bytes, Stack size 24 bytes, dhcp.o(i.dhcp_renew))
<BR><BR>[Stack]<UL><LI>Max Depth = 332<LI>Call Chain = dhcp_renew &rArr; udp_sendto_if &rArr; ip_output_if &rArr; ip_frag &rArr; pbuf_alloc &rArr; pbuf_free &rArr; mem_free &rArr; plug_holes
</UL>
<BR>[Calls]<UL><LI><a href="#[2de5114]">&gt;&gt;</a>&nbsp;&nbsp;&nbsp;udp_sendto_if
<LI><a href="#[2de518c]">&gt;&gt;</a>&nbsp;&nbsp;&nbsp;pbuf_realloc
<LI><a href="#[2de6104]">&gt;&gt;</a>&nbsp;&nbsp;&nbsp;dhcp_set_state
<LI><a href="#[2de626c]">&gt;&gt;</a>&nbsp;&nbsp;&nbsp;dhcp_option_trailer
<LI><a href="#[2de62a8]">&gt;&gt;</a>&nbsp;&nbsp;&nbsp;dhcp_option_short
<LI><a href="#[2de6320]">&gt;&gt;</a>&nbsp;&nbsp;&nbsp;dhcp_option_hostname
<LI><a href="#[2de6398]">&gt;&gt;</a>&nbsp;&nbsp;&nbsp;dhcp_option
<LI><a href="#[2de64c4]">&gt;&gt;</a>&nbsp;&nbsp;&nbsp;dhcp_delete_msg
<LI><a href="#[2de653c]">&gt;&gt;</a>&nbsp;&nbsp;&nbsp;dhcp_create_msg
</UL>
<BR>[Called By]<UL><LI><a href="#[2de6050]">&gt;&gt;</a>&nbsp;&nbsp;&nbsp;dhcp_timeout
<LI><a href="#[2de60c8]">&gt;&gt;</a>&nbsp;&nbsp;&nbsp;dhcp_t1_timeout
</UL>

<P><STRONG><a name="[fe05d4]"></a>dhcp_start</STRONG> (Thumb, 226 bytes, Stack size 16 bytes, dhcp.o(i.dhcp_start))
<BR><BR>[Stack]<UL><LI>Max Depth = 348<LI>Call Chain = dhcp_start &rArr; dhcp_discover &rArr; udp_sendto_if &rArr; ip_output_if &rArr; ip_frag &rArr; pbuf_alloc &rArr; pbuf_free &rArr; mem_free &rArr; plug_holes
</UL>
<BR>[Calls]<UL><LI><a href="#[fd78bc]">&gt;&gt;</a>&nbsp;&nbsp;&nbsp;udp_recv
<LI><a href="#[fd78f8]">&gt;&gt;</a>&nbsp;&nbsp;&nbsp;udp_new
<LI><a href="#[fd7934]">&gt;&gt;</a>&nbsp;&nbsp;&nbsp;udp_bind
<LI><a href="#[27d5510]">&gt;&gt;</a>&nbsp;&nbsp;&nbsp;udp_remove
<LI><a href="#[27d57a4]">&gt;&gt;</a>&nbsp;&nbsp;&nbsp;mem_malloc
<LI><a href="#[2de5150]">&gt;&gt;</a>&nbsp;&nbsp;&nbsp;udp_connect
<LI><a href="#[2de53a8]">&gt;&gt;</a>&nbsp;&nbsp;&nbsp;dhcp_stop
<LI><a href="#[2de6488]">&gt;&gt;</a>&nbsp;&nbsp;&nbsp;dhcp_discover
<LI><a href="#[2fd1a58]">&gt;&gt;</a>&nbsp;&nbsp;&nbsp;__aeabi_memclr4
</UL>
<BR>[Called By]<UL><LI><a href="#[fe07b4]">&gt;&gt;</a>&nbsp;&nbsp;&nbsp;LwIP_Init
</UL>

<P><STRONG><a name="[2de53a8]"></a>dhcp_stop</STRONG> (Thumb, 68 bytes, Stack size 16 bytes, dhcp.o(i.dhcp_stop))
<BR><BR>[Stack]<UL><LI>Max Depth = 44<LI>Call Chain = dhcp_stop &rArr; udp_remove &rArr; memp_free
</UL>
<BR>[Calls]<UL><LI><a href="#[27d5510]">&gt;&gt;</a>&nbsp;&nbsp;&nbsp;udp_remove
<LI><a href="#[2de6104]">&gt;&gt;</a>&nbsp;&nbsp;&nbsp;dhcp_set_state
</UL>
<BR>[Called By]<UL><LI><a href="#[fe05d4]">&gt;&gt;</a>&nbsp;&nbsp;&nbsp;dhcp_start
</UL>

<P><STRONG><a name="[2eb9014]"></a>dir_addCluster</STRONG> (Thumb, 110 bytes, Stack size 48 bytes, dir.o(i.dir_addCluster))
<BR><BR>[Stack]<UL><LI>Max Depth = 400<LI>Call Chain = dir_addCluster &rArr; fat_allocClusterChain &rArr; fs_getLastCluster &rArr; fat_getNextClusterChain &rArr; fat_getNextClusterAddressWBuf &rArr; part_getSect &rArr; ioman_getSector &rArr; ioman_putSectorInCache &rArr; ioman_readSector &rArr; if_readBuf &rArr; sd_readSector &rArr; sd_Command &rArr; if_spiSend
</UL>
<BR>[Calls]<UL><LI><a href="#[2eb8aec]">&gt;&gt;</a>&nbsp;&nbsp;&nbsp;fs_initClusterChain
<LI><a href="#[2eb8b28]">&gt;&gt;</a>&nbsp;&nbsp;&nbsp;fs_getLastCluster
<LI><a href="#[2eb8ba0]">&gt;&gt;</a>&nbsp;&nbsp;&nbsp;fs_clearCluster
<LI><a href="#[2eb8c18]">&gt;&gt;</a>&nbsp;&nbsp;&nbsp;fat_allocClusterChain
<LI><a href="#[2eb8c54]">&gt;&gt;</a>&nbsp;&nbsp;&nbsp;fat_LogicToDiscCluster
<LI><a href="#[2eb8c90]">&gt;&gt;</a>&nbsp;&nbsp;&nbsp;fat_DiscToLogicCluster
</UL>
<BR>[Called By]<UL><LI><a href="#[2eb42bc]">&gt;&gt;</a>&nbsp;&nbsp;&nbsp;fs_findFreeFile
</UL>

<P><STRONG><a name="[2eb8fd8]"></a>dir_createDefaultEntry</STRONG> (Thumb, 54 bytes, Stack size 16 bytes, dir.o(i.dir_createDefaultEntry))
<BR><BR>[Stack]<UL><LI>Max Depth = 24<LI>Call Chain = dir_createDefaultEntry &rArr; memCpy
</UL>
<BR>[Calls]<UL><LI><a href="#[2eb8a74]">&gt;&gt;</a>&nbsp;&nbsp;&nbsp;memCpy
</UL>
<BR>[Called By]<UL><LI><a href="#[fd5a80]">&gt;&gt;</a>&nbsp;&nbsp;&nbsp;file_fopen
</UL>

<P><STRONG><a name="[2eb8f9c]"></a>dir_createDirectoryEntry</STRONG> (Thumb, 48 bytes, Stack size 24 bytes, dir.o(i.dir_createDirectoryEntry))
<BR><BR>[Stack]<UL><LI>Max Depth = 232<LI>Call Chain = dir_createDirectoryEntry &rArr; part_getSect &rArr; ioman_getSector &rArr; ioman_putSectorInCache &rArr; ioman_readSector &rArr; if_readBuf &rArr; sd_readSector &rArr; sd_Command &rArr; if_spiSend
</UL>
<BR>[Calls]<UL><LI><a href="#[2eb89fc]">&gt;&gt;</a>&nbsp;&nbsp;&nbsp;part_relSect
<LI><a href="#[2eb8a38]">&gt;&gt;</a>&nbsp;&nbsp;&nbsp;part_getSect
<LI><a href="#[2eb8a74]">&gt;&gt;</a>&nbsp;&nbsp;&nbsp;memCpy
</UL>
<BR>[Called By]<UL><LI><a href="#[fd5a80]">&gt;&gt;</a>&nbsp;&nbsp;&nbsp;file_fopen
</UL>

<P><STRONG><a name="[2eb8f60]"></a>dir_findFileinBuf</STRONG> (Thumb, 108 bytes, Stack size 56 bytes, dir.o(i.dir_findFileinBuf))
<BR><BR>[Stack]<UL><LI>Max Depth = 72<LI>Call Chain = dir_findFileinBuf &rArr; strMatch
</UL>
<BR>[Calls]<UL><LI><a href="#[2eb89c0]">&gt;&gt;</a>&nbsp;&nbsp;&nbsp;strMatch
<LI><a href="#[2fd1c74]">&gt;&gt;</a>&nbsp;&nbsp;&nbsp;__aeabi_memcpy4
</UL>
<BR>[Called By]<UL><LI><a href="#[2eb8ee8]">&gt;&gt;</a>&nbsp;&nbsp;&nbsp;dir_findinBuf
</UL>

<P><STRONG><a name="[2eb8f24]"></a>dir_findFreeEntryinBuf</STRONG> (Thumb, 72 bytes, Stack size 48 bytes, dir.o(i.dir_findFreeEntryinBuf))
<BR><BR>[Stack]<UL><LI>Max Depth = 48<LI>Call Chain = dir_findFreeEntryinBuf
</UL>
<BR>[Calls]<UL><LI><a href="#[2fd1c74]">&gt;&gt;</a>&nbsp;&nbsp;&nbsp;__aeabi_memcpy4
</UL>
<BR>[Called By]<UL><LI><a href="#[2eb8ee8]">&gt;&gt;</a>&nbsp;&nbsp;&nbsp;dir_findinBuf
</UL>

<P><STRONG><a name="[2eb8ee8]"></a>dir_findinBuf</STRONG> (Thumb, 48 bytes, Stack size 24 bytes, dir.o(i.dir_findinBuf))
<BR><BR>[Stack]<UL><LI>Max Depth = 96<LI>Call Chain = dir_findinBuf &rArr; dir_findFileinBuf &rArr; strMatch
</UL>
<BR>[Calls]<UL><LI><a href="#[2eb8f24]">&gt;&gt;</a>&nbsp;&nbsp;&nbsp;dir_findFreeEntryinBuf
<LI><a href="#[2eb8f60]">&gt;&gt;</a>&nbsp;&nbsp;&nbsp;dir_findFileinBuf
</UL>
<BR>[Called By]<UL><LI><a href="#[2eb8e34]">&gt;&gt;</a>&nbsp;&nbsp;&nbsp;dir_findinRootArea
<LI><a href="#[2eb8eac]">&gt;&gt;</a>&nbsp;&nbsp;&nbsp;dir_findinCluster
</UL>

<P><STRONG><a name="[2eb8eac]"></a>dir_findinCluster</STRONG> (Thumb, 120 bytes, Stack size 40 bytes, dir.o(i.dir_findinCluster))
<BR><BR>[Stack]<UL><LI>Max Depth = 248<LI>Call Chain = dir_findinCluster &rArr; part_getSect &rArr; ioman_getSector &rArr; ioman_putSectorInCache &rArr; ioman_readSector &rArr; if_readBuf &rArr; sd_readSector &rArr; sd_Command &rArr; if_spiSend
</UL>
<BR>[Calls]<UL><LI><a href="#[2eb89fc]">&gt;&gt;</a>&nbsp;&nbsp;&nbsp;part_relSect
<LI><a href="#[2eb8a38]">&gt;&gt;</a>&nbsp;&nbsp;&nbsp;part_getSect
<LI><a href="#[2eb8b64]">&gt;&gt;</a>&nbsp;&nbsp;&nbsp;fs_clusterToSector
<LI><a href="#[2eb8ee8]">&gt;&gt;</a>&nbsp;&nbsp;&nbsp;dir_findinBuf
</UL>
<BR>[Called By]<UL><LI><a href="#[2eb8e70]">&gt;&gt;</a>&nbsp;&nbsp;&nbsp;dir_findinDir
</UL>

<P><STRONG><a name="[2eb8e70]"></a>dir_findinDir</STRONG> (Thumb, 108 bytes, Stack size 64 bytes, dir.o(i.dir_findinDir))
<BR><BR>[Stack]<UL><LI>Max Depth = 368<LI>Call Chain = dir_findinDir &rArr; fat_LogicToDiscCluster &rArr; fat_getNextClusterChain &rArr; fat_getNextClusterAddressWBuf &rArr; part_getSect &rArr; ioman_getSector &rArr; ioman_putSectorInCache &rArr; ioman_readSector &rArr; if_readBuf &rArr; sd_readSector &rArr; sd_Command &rArr; if_spiSend
</UL>
<BR>[Calls]<UL><LI><a href="#[2eb8c54]">&gt;&gt;</a>&nbsp;&nbsp;&nbsp;fat_LogicToDiscCluster
<LI><a href="#[2eb8e34]">&gt;&gt;</a>&nbsp;&nbsp;&nbsp;dir_findinRootArea
<LI><a href="#[2eb8eac]">&gt;&gt;</a>&nbsp;&nbsp;&nbsp;dir_findinCluster
</UL>
<BR>[Called By]<UL><LI><a href="#[2eb42bc]">&gt;&gt;</a>&nbsp;&nbsp;&nbsp;fs_findFreeFile
<LI><a href="#[2eb42f8]">&gt;&gt;</a>&nbsp;&nbsp;&nbsp;fs_findFile
</UL>

<P><STRONG><a name="[2eb8e34]"></a>dir_findinRootArea</STRONG> (Thumb, 134 bytes, Stack size 32 bytes, dir.o(i.dir_findinRootArea))
<BR><BR>[Stack]<UL><LI>Max Depth = 240<LI>Call Chain = dir_findinRootArea &rArr; part_getSect &rArr; ioman_getSector &rArr; ioman_putSectorInCache &rArr; ioman_readSector &rArr; if_readBuf &rArr; sd_readSector &rArr; sd_Command &rArr; if_spiSend
</UL>
<BR>[Calls]<UL><LI><a href="#[2eb89fc]">&gt;&gt;</a>&nbsp;&nbsp;&nbsp;part_relSect
<LI><a href="#[2eb8a38]">&gt;&gt;</a>&nbsp;&nbsp;&nbsp;part_getSect
<LI><a href="#[2eb8ee8]">&gt;&gt;</a>&nbsp;&nbsp;&nbsp;dir_findinBuf
</UL>
<BR>[Called By]<UL><LI><a href="#[2eb8e70]">&gt;&gt;</a>&nbsp;&nbsp;&nbsp;dir_findinDir
</UL>

<P><STRONG><a name="[2eb8df8]"></a>dir_getFatFileName</STRONG> (Thumb, 72 bytes, Stack size 32 bytes, dir.o(i.dir_getFatFileName))
<BR><BR>[Stack]<UL><LI>Max Depth = 48<LI>Call Chain = dir_getFatFileName &rArr; file_normalToFatName
</UL>
<BR>[Calls]<UL><LI><a href="#[2eb8a74]">&gt;&gt;</a>&nbsp;&nbsp;&nbsp;memCpy
<LI><a href="#[2eb8ab0]">&gt;&gt;</a>&nbsp;&nbsp;&nbsp;memClr
<LI><a href="#[2eb8bdc]">&gt;&gt;</a>&nbsp;&nbsp;&nbsp;file_normalToFatName
</UL>
<BR>[Called By]<UL><LI><a href="#[fd5a80]">&gt;&gt;</a>&nbsp;&nbsp;&nbsp;file_fopen
<LI><a href="#[2eb42bc]">&gt;&gt;</a>&nbsp;&nbsp;&nbsp;fs_findFreeFile
</UL>

<P><STRONG><a name="[2eb8dbc]"></a>dir_getFileStructure</STRONG> (Thumb, 48 bytes, Stack size 24 bytes, dir.o(i.dir_getFileStructure))
<BR><BR>[Stack]<UL><LI>Max Depth = 232<LI>Call Chain = dir_getFileStructure &rArr; part_getSect &rArr; ioman_getSector &rArr; ioman_putSectorInCache &rArr; ioman_readSector &rArr; if_readBuf &rArr; sd_readSector &rArr; sd_Command &rArr; if_spiSend
</UL>
<BR>[Calls]<UL><LI><a href="#[2eb89fc]">&gt;&gt;</a>&nbsp;&nbsp;&nbsp;part_relSect
<LI><a href="#[2eb8a38]">&gt;&gt;</a>&nbsp;&nbsp;&nbsp;part_getSect
<LI><a href="#[2fd1c74]">&gt;&gt;</a>&nbsp;&nbsp;&nbsp;__aeabi_memcpy4
</UL>
<BR>[Called By]<UL><LI><a href="#[fd5a80]">&gt;&gt;</a>&nbsp;&nbsp;&nbsp;file_fopen
</UL>

<P><STRONG><a name="[2eb8d80]"></a>dir_setFileSize</STRONG> (Thumb, 42 bytes, Stack size 24 bytes, dir.o(i.dir_setFileSize))
<BR><BR>[Stack]<UL><LI>Max Depth = 232<LI>Call Chain = dir_setFileSize &rArr; part_getSect &rArr; ioman_getSector &rArr; ioman_putSectorInCache &rArr; ioman_readSector &rArr; if_readBuf &rArr; sd_readSector &rArr; sd_Command &rArr; if_spiSend
</UL>
<BR>[Calls]<UL><LI><a href="#[2eb89fc]">&gt;&gt;</a>&nbsp;&nbsp;&nbsp;part_relSect
<LI><a href="#[2eb8a38]">&gt;&gt;</a>&nbsp;&nbsp;&nbsp;part_getSect
</UL>
<BR>[Called By]<UL><LI><a href="#[fd5abc]">&gt;&gt;</a>&nbsp;&nbsp;&nbsp;file_fclose
<LI><a href="#[2eb449c]">&gt;&gt;</a>&nbsp;&nbsp;&nbsp;file_fwrite
</UL>

<P><STRONG><a name="[2eb8d44]"></a>dir_setFirstCluster</STRONG> (Thumb, 52 bytes, Stack size 24 bytes, dir.o(i.dir_setFirstCluster))
[...]
<LI><a href="#[2e9ea54]">&gt;&gt;</a>&nbsp;&nbsp;&nbsp;tcp_enqueue_flags
</UL>

<P><STRONG><a name="[2e9c024]"></a>tcp_output_alloc_header</STRONG> (Thumb, 156 bytes, Stack size 32 bytes, tcp_out.o(i.tcp_output_alloc_header))
<BR><BR>[Stack]<UL><LI>Max Depth = 132<LI>Call Chain = tcp_output_alloc_header &rArr; pbuf_alloc &rArr; pbuf_free &rArr; mem_free &rArr; plug_holes
</UL>
<BR>[Calls]<UL><LI><a href="#[fd7cf4]">&gt;&gt;</a>&nbsp;&nbsp;&nbsp;pbuf_alloc
<LI><a href="#[27d40ac]">&gt;&gt;</a>&nbsp;&nbsp;&nbsp;lwip_htons
<LI><a href="#[2d30980]">&gt;&gt;</a>&nbsp;&nbsp;&nbsp;lwip_htonl
</UL>
<BR>[Called By]<UL><LI><a href="#[2e9d6e0]">&gt;&gt;</a>&nbsp;&nbsp;&nbsp;tcp_send_empty_ack
<LI><a href="#[2e9e8ec]">&gt;&gt;</a>&nbsp;&nbsp;&nbsp;tcp_zero_window_probe
<LI><a href="#[2e9ea18]">&gt;&gt;</a>&nbsp;&nbsp;&nbsp;tcp_keepalive
</UL>

<P><STRONG><a name="[2e9bfe8]"></a>tcp_output_segment</STRONG> (Thumb, 234 bytes, Stack size 40 bytes, tcp_out.o(i.tcp_output_segment))
<BR><BR>[Stack]<UL><LI>Max Depth = 332<LI>Call Chain = tcp_output_segment &rArr; ip_output &rArr; ip_output_if &rArr; ip_frag &rArr; pbuf_alloc &rArr; pbuf_free &rArr; mem_free &rArr; plug_holes
</UL>
<BR>[Calls]<UL><LI><a href="#[27d40ac]">&gt;&gt;</a>&nbsp;&nbsp;&nbsp;lwip_htons
<LI><a href="#[2d30944]">&gt;&gt;</a>&nbsp;&nbsp;&nbsp;lwip_ntohl
<LI><a href="#[2d30980]">&gt;&gt;</a>&nbsp;&nbsp;&nbsp;lwip_htonl
<LI><a href="#[2dd93b4]">&gt;&gt;</a>&nbsp;&nbsp;&nbsp;tcp_eff_send_mss
<LI><a href="#[2ddd950]">&gt;&gt;</a>&nbsp;&nbsp;&nbsp;ip_route
<LI><a href="#[2e9be44]">&gt;&gt;</a>&nbsp;&nbsp;&nbsp;ip_output
<LI><a href="#[2e9d7d0]">&gt;&gt;</a>&nbsp;&nbsp;&nbsp;inet_chksum_pseudo
</UL>
<BR>[Called By]<UL><LI><a href="#[fd7a60]">&gt;&gt;</a>&nbsp;&nbsp;&nbsp;tcp_output
</UL>

<P><STRONG><a name="[2e9bfac]"></a>tcp_pbuf_prealloc</STRONG> (Thumb, 138 bytes, Stack size 56 bytes, tcp_out.o(i.tcp_pbuf_prealloc))
<BR><BR>[Stack]<UL><LI>Max Depth = 156<LI>Call Chain = tcp_pbuf_prealloc &rArr; pbuf_alloc &rArr; pbuf_free &rArr; mem_free &rArr; plug_holes
</UL>
<BR>[Calls]<UL><LI><a href="#[fd7cf4]">&gt;&gt;</a>&nbsp;&nbsp;&nbsp;pbuf_alloc
</UL>
<BR>[Called By]<UL><LI><a href="#[fd79ac]">&gt;&gt;</a>&nbsp;&nbsp;&nbsp;tcp_write
</UL>

<P><STRONG><a name="[2e9bf70]"></a>tcp_write_checks</STRONG> (Thumb, 152 bytes, Stack size 0 bytes, tcp_out.o(i.tcp_write_checks))
<BR><BR>[Called By]<UL><LI><a href="#[fd79ac]">&gt;&gt;</a>&nbsp;&nbsp;&nbsp;tcp_write
</UL>

<P><STRONG><a name="[2e9ab84]"></a>udp_new_port</STRONG> (Thumb, 80 bytes, Stack size 8 bytes, udp.o(i.udp_new_port))
<BR><BR>[Stack]<UL><LI>Max Depth = 8<LI>Call Chain = udp_new_port
</UL>
<BR>[Called By]<UL><LI><a href="#[fd7934]">&gt;&gt;</a>&nbsp;&nbsp;&nbsp;udp_bind
</UL>

<P><STRONG><a name="[2e99cfc]"></a>icmp_send_response</STRONG> (Thumb, 148 bytes, Stack size 40 bytes, icmp.o(i.icmp_send_response))
<BR><BR>[Stack]<UL><LI>Max Depth = 332<LI>Call Chain = icmp_send_response &rArr; ip_output &rArr; ip_output_if &rArr; ip_frag &rArr; pbuf_alloc &rArr; pbuf_free &rArr; mem_free &rArr; plug_holes
</UL>
<BR>[Calls]<UL><LI><a href="#[fd7cb8]">&gt;&gt;</a>&nbsp;&nbsp;&nbsp;pbuf_free
<LI><a href="#[fd7cf4]">&gt;&gt;</a>&nbsp;&nbsp;&nbsp;pbuf_alloc
<LI><a href="#[2e99b58]">&gt;&gt;</a>&nbsp;&nbsp;&nbsp;inet_chksum
<LI><a href="#[2e9be44]">&gt;&gt;</a>&nbsp;&nbsp;&nbsp;ip_output
<LI><a href="#[2fd1cb0]">&gt;&gt;</a>&nbsp;&nbsp;&nbsp;__aeabi_memcpy
</UL>
<BR>[Called By]<UL><LI><a href="#[2e99b94]">&gt;&gt;</a>&nbsp;&nbsp;&nbsp;icmp_time_exceeded
<LI><a href="#[2e9a56c]">&gt;&gt;</a>&nbsp;&nbsp;&nbsp;icmp_dest_unreach
</UL>

<P><STRONG><a name="[2e98e38]"></a>lwip_standard_chksum</STRONG> (Thumb, 94 bytes, Stack size 24 bytes, inet_chksum.o(i.lwip_standard_chksum))
<BR><BR>[Stack]<UL><LI>Max Depth = 24<LI>Call Chain = lwip_standard_chksum
</UL>
<BR>[Called By]<UL><LI><a href="#[2e99b1c]">&gt;&gt;</a>&nbsp;&nbsp;&nbsp;inet_chksum_pbuf
<LI><a href="#[2e99b58]">&gt;&gt;</a>&nbsp;&nbsp;&nbsp;inet_chksum
<LI><a href="#[2e9d7d0]">&gt;&gt;</a>&nbsp;&nbsp;&nbsp;inet_chksum_pseudo
</UL>

<P><STRONG><a name="[2e96138]"></a>ip_frag_alloc_pbuf_custom_ref</STRONG> (Thumb, 10 bytes, Stack size 8 bytes, ip_frag.o(i.ip_frag_alloc_pbuf_custom_ref))
<BR><BR>[Stack]<UL><LI>Max Depth = 16<LI>Call Chain = ip_frag_alloc_pbuf_custom_ref &rArr; memp_malloc
</UL>
<BR>[Calls]<UL><LI><a href="#[2de22e8]">&gt;&gt;</a>&nbsp;&nbsp;&nbsp;memp_malloc
</UL>
<BR>[Called By]<UL><LI><a href="#[2e97fec]">&gt;&gt;</a>&nbsp;&nbsp;&nbsp;ip_frag
</UL>

<P><STRONG><a name="[2e960fc]"></a>ip_frag_free_pbuf_custom_ref</STRONG> (Thumb, 24 bytes, Stack size 8 bytes, ip_frag.o(i.ip_frag_free_pbuf_custom_ref))
<BR><BR>[Stack]<UL><LI>Max Depth = 20<LI>Call Chain = ip_frag_free_pbuf_custom_ref &rArr; memp_free
</UL>
<BR>[Calls]<UL><LI><a href="#[2de2324]">&gt;&gt;</a>&nbsp;&nbsp;&nbsp;memp_free
</UL>
<BR>[Called By]<UL><LI><a href="#[2e95f94]">&gt;&gt;</a>&nbsp;&nbsp;&nbsp;ipfrag_free_pbuf_custom
<LI><a href="#[2e97fec]">&gt;&gt;</a>&nbsp;&nbsp;&nbsp;ip_frag
</UL>

<P><STRONG><a name="[2e960c0]"></a>ip_reass_chain_frag_into_datagram_and_validate</STRONG> (Thumb, 420 bytes, Stack size 48 bytes, ip_frag.o(i.ip_reass_chain_frag_into_datagram_and_validate))
<BR><BR>[Stack]<UL><LI>Max Depth = 108<LI>Call Chain = ip_reass_chain_frag_into_datagram_and_validate &rArr; pbuf_free &rArr; mem_free &rArr; plug_holes
</UL>
<BR>[Calls]<UL><LI><a href="#[fd7cb8]">&gt;&gt;</a>&nbsp;&nbsp;&nbsp;pbuf_free
<LI><a href="#[27d4070]">&gt;&gt;</a>&nbsp;&nbsp;&nbsp;lwip_ntohs
<LI><a href="#[2ddec4c]">&gt;&gt;</a>&nbsp;&nbsp;&nbsp;pbuf_clen
</UL>
<BR>[Called By]<UL><LI><a href="#[2e97fb0]">&gt;&gt;</a>&nbsp;&nbsp;&nbsp;ip_reass
</UL>

<P><STRONG><a name="[2e96084]"></a>ip_reass_dequeue_datagram</STRONG> (Thumb, 46 bytes, Stack size 16 bytes, ip_frag.o(i.ip_reass_dequeue_datagram))
<BR><BR>[Stack]<UL><LI>Max Depth = 28<LI>Call Chain = ip_reass_dequeue_datagram &rArr; memp_free
</UL>
<BR>[Calls]<UL><LI><a href="#[2de2324]">&gt;&gt;</a>&nbsp;&nbsp;&nbsp;memp_free
</UL>
<BR>[Called By]<UL><LI><a href="#[2e9600c]">&gt;&gt;</a>&nbsp;&nbsp;&nbsp;ip_reass_free_complete_datagram
<LI><a href="#[2e97fb0]">&gt;&gt;</a>&nbsp;&nbsp;&nbsp;ip_reass
</UL>

<P><STRONG><a name="[2e96048]"></a>ip_reass_enqueue_new_datagram</STRONG> (Thumb, 92 bytes, Stack size 16 bytes, ip_frag.o(i.ip_reass_enqueue_new_datagram))
<BR><BR>[Stack]<UL><LI>Max Depth = 436<LI>Call Chain = ip_reass_enqueue_new_datagram &rArr; ip_reass_remove_oldest_datagram &rArr; ip_reass_free_complete_datagram &rArr; icmp_time_exceeded &rArr; icmp_send_response &rArr; ip_output &rArr; ip_output_if &rArr; ip_frag &rArr; pbuf_alloc &rArr; pbuf_free &rArr; mem_free &rArr; plug_holes
</UL>
<BR>[Calls]<UL><LI><a href="#[2de22e8]">&gt;&gt;</a>&nbsp;&nbsp;&nbsp;memp_malloc
<LI><a href="#[2e95fd0]">&gt;&gt;</a>&nbsp;&nbsp;&nbsp;ip_reass_remove_oldest_datagram
<LI><a href="#[2fd1a58]">&gt;&gt;</a>&nbsp;&nbsp;&nbsp;__aeabi_memclr4
<LI><a href="#[2fd1cb0]">&gt;&gt;</a>&nbsp;&nbsp;&nbsp;__aeabi_memcpy
</UL>
<BR>[Called By]<UL><LI><a href="#[2e97fb0]">&gt;&gt;</a>&nbsp;&nbsp;&nbsp;ip_reass
</UL>

<P><STRONG><a name="[2e9600c]"></a>ip_reass_free_complete_datagram</STRONG> (Thumb, 214 bytes, Stack size 32 bytes, ip_frag.o(i.ip_reass_free_complete_datagram))
<BR><BR>[Stack]<UL><LI>Max Depth = 380<LI>Call Chain = ip_reass_free_complete_datagram &rArr; icmp_time_exceeded &rArr; icmp_send_response &rArr; ip_output &rArr; ip_output_if &rArr; ip_frag &rArr; pbuf_alloc &rArr; pbuf_free &rArr; mem_free &rArr; plug_holes
</UL>
<BR>[Calls]<UL><LI><a href="#[fd7cb8]">&gt;&gt;</a>&nbsp;&nbsp;&nbsp;pbuf_free
<LI><a href="#[2ddec4c]">&gt;&gt;</a>&nbsp;&nbsp;&nbsp;pbuf_clen
<LI><a href="#[2e96084]">&gt;&gt;</a>&nbsp;&nbsp;&nbsp;ip_reass_dequeue_datagram
<LI><a href="#[2e99b94]">&gt;&gt;</a>&nbsp;&nbsp;&nbsp;icmp_time_exceeded
<LI><a href="#[2fd1cb0]">&gt;&gt;</a>&nbsp;&nbsp;&nbsp;__aeabi_memcpy
</UL>
<BR>[Called By]<UL><LI><a href="#[2e95fd0]">&gt;&gt;</a>&nbsp;&nbsp;&nbsp;ip_reass_remove_oldest_datagram
</UL>

<P><STRONG><a name="[2e95fd0]"></a>ip_reass_remove_oldest_datagram</STRONG> (Thumb, 120 bytes, Stack size 40 bytes, ip_frag.o(i.ip_reass_remove_oldest_datagram))
<BR><BR>[Stack]<UL><LI>Max Depth = 420<LI>Call Chain = ip_reass_remove_oldest_datagram &rArr; ip_reass_free_complete_datagram &rArr; icmp_time_exceeded &rArr; icmp_send_response &rArr; ip_output &rArr; ip_output_if &rArr; ip_frag &rArr; pbuf_alloc &rArr; pbuf_free &rArr; mem_free &rArr; plug_holes
</UL>
<BR>[Calls]<UL><LI><a href="#[2e9600c]">&gt;&gt;</a>&nbsp;&nbsp;&nbsp;ip_reass_free_complete_datagram
</UL>
<BR>[Called By]<UL><LI><a href="#[2e96048]">&gt;&gt;</a>&nbsp;&nbsp;&nbsp;ip_reass_enqueue_new_datagram
<LI><a href="#[2e97fb0]">&gt;&gt;</a>&nbsp;&nbsp;&nbsp;ip_reass
</UL>

<P><STRONG><a name="[2e95f94]"></a>ipfrag_free_pbuf_custom</STRONG> (Thumb, 46 bytes, Stack size 16 bytes, ip_frag.o(i.ipfrag_free_pbuf_custom))
<BR><BR>[Stack]<UL><LI>Max Depth = 76<LI>Call Chain = ipfrag_free_pbuf_custom &rArr; pbuf_free &rArr; mem_free &rArr; plug_holes
</UL>
<BR>[Calls]<UL><LI><a href="#[fd7cb8]">&gt;&gt;</a>&nbsp;&nbsp;&nbsp;pbuf_free
<LI><a href="#[2e960fc]">&gt;&gt;</a>&nbsp;&nbsp;&nbsp;ip_frag_free_pbuf_custom_ref
</UL>
<BR>[Address Reference Count : 1]<UL><LI> ip_frag.o(i.ip_frag)
</UL>
<P><STRONG><a name="[2e93a14]"></a>etharp_arp_input</STRONG> (Thumb, 388 bytes, Stack size 40 bytes, etharp.o(i.etharp_arp_input))
<BR><BR>[Stack]<UL><LI>Max Depth = 396<LI>Call Chain = etharp_arp_input &rArr; dhcp_arp_reply &rArr; dhcp_decline &rArr; udp_sendto_if &rArr; ip_output_if &rArr; ip_frag &rArr; pbuf_alloc &rArr; pbuf_free &rArr; mem_free &rArr; plug_holes
</UL>
<BR>[Calls]<UL><LI><a href="#[fd7cb8]">&gt;&gt;</a>&nbsp;&nbsp;&nbsp;pbuf_free
<LI><a href="#[27d40ac]">&gt;&gt;</a>&nbsp;&nbsp;&nbsp;lwip_htons
<LI><a href="#[2de554c]">&gt;&gt;</a>&nbsp;&nbsp;&nbsp;dhcp_arp_reply
<LI><a href="#[2e938ac]">&gt;&gt;</a>&nbsp;&nbsp;&nbsp;etharp_update_arp_entry
<LI><a href="#[2fd1cb0]">&gt;&gt;</a>&nbsp;&nbsp;&nbsp;__aeabi_memcpy
</UL>
<BR>[Called By]<UL><LI><a href="#[fe055c]">&gt;&gt;</a>&nbsp;&nbsp;&nbsp;ethernet_input
</UL>

<P><STRONG><a name="[2e939d8]"></a>etharp_find_entry</STRONG> (Thumb, 432 bytes, Stack size 48 bytes, etharp.o(i.etharp_find_entry))
<BR><BR>[Stack]<UL><LI>Max Depth = 116<LI>Call Chain = etharp_find_entry &rArr; etharp_free_entry &rArr; pbuf_free &rArr; mem_free &rArr; plug_holes
</UL>
<BR>[Calls]<UL><LI><a href="#[2e9399c]">&gt;&gt;</a>&nbsp;&nbsp;&nbsp;etharp_free_entry
</UL>
<BR>[Called By]<UL><LI><a href="#[2de5330]">&gt;&gt;</a>&nbsp;&nbsp;&nbsp;etharp_query
<LI><a href="#[2e938ac]">&gt;&gt;</a>&nbsp;&nbsp;&nbsp;etharp_update_arp_entry
</UL>

<P><STRONG><a name="[2e9399c]"></a>etharp_free_entry</STRONG> (Thumb, 58 bytes, Stack size 8 bytes, etharp.o(i.etharp_free_entry))
<BR><BR>[Stack]<UL><LI>Max Depth = 68<LI>Call Chain = etharp_free_entry &rArr; pbuf_free &rArr; mem_free &rArr; plug_holes
</UL>
<BR>[Calls]<UL><LI><a href="#[fd7cb8]">&gt;&gt;</a>&nbsp;&nbsp;&nbsp;pbuf_free
</UL>
<BR>[Called By]<UL><LI><a href="#[fe0598]">&gt;&gt;</a>&nbsp;&nbsp;&nbsp;etharp_tmr
<LI><a href="#[2de0a4c]">&gt;&gt;</a>&nbsp;&nbsp;&nbsp;etharp_cleanup_netif
<LI><a href="#[2e939d8]">&gt;&gt;</a>&nbsp;&nbsp;&nbsp;etharp_find_entry
</UL>

<P><STRONG><a name="[2e93960]"></a>etharp_output_to_arp_index</STRONG> (Thumb, 124 bytes, Stack size 16 bytes, etharp.o(i.etharp_output_to_arp_index))
<BR><BR>[Stack]<UL><LI>Max Depth = 196<LI>Call Chain = etharp_output_to_arp_index &rArr; etharp_request &rArr; etharp_raw &rArr; pbuf_alloc &rArr; pbuf_free &rArr; mem_free &rArr; plug_holes
</UL>
<BR>[Calls]<UL><LI><a href="#[2de0a10]">&gt;&gt;</a>&nbsp;&nbsp;&nbsp;etharp_request
<LI><a href="#[2e938e8]">&gt;&gt;</a>&nbsp;&nbsp;&nbsp;etharp_send_ip
</UL>
<BR>[Called By]<UL><LI><a href="#[2e935dc]">&gt;&gt;</a>&nbsp;&nbsp;&nbsp;etharp_output
</UL>

<P><STRONG><a name="[2e93924]"></a>etharp_raw</STRONG> (Thumb, 264 bytes, Stack size 48 bytes, etharp.o(i.etharp_raw))
<BR><BR>[Stack]<UL><LI>Max Depth = 148<LI>Call Chain = etharp_raw &rArr; pbuf_alloc &rArr; pbuf_free &rArr; mem_free &rArr; plug_holes
</UL>
<BR>[Calls]<UL><LI><a href="#[fd7cb8]">&gt;&gt;</a>&nbsp;&nbsp;&nbsp;pbuf_free
<LI><a href="#[fd7cf4]">&gt;&gt;</a>&nbsp;&nbsp;&nbsp;pbuf_alloc
<LI><a href="#[27d40ac]">&gt;&gt;</a>&nbsp;&nbsp;&nbsp;lwip_htons
<LI><a href="#[2fd1cb0]">&gt;&gt;</a>&nbsp;&nbsp;&nbsp;__aeabi_memcpy
</UL>
<BR>[Called By]<UL><LI><a href="#[2de0a10]">&gt;&gt;</a>&nbsp;&nbsp;&nbsp;etharp_request
</UL>

<P><STRONG><a name="[2e938e8]"></a>etharp_send_ip</STRONG> (Thumb, 66 bytes, Stack size 24 bytes, etharp.o(i.etharp_send_ip))
<BR><BR>[Stack]<UL><LI>Max Depth = 24<LI>Call Chain = etharp_send_ip
</UL>
<BR>[Calls]<UL><LI><a href="#[2fd1cb0]">&gt;&gt;</a>&nbsp;&nbsp;&nbsp;__aeabi_memcpy
</UL>
<BR>[Called By]<UL><LI><a href="#[2de5330]">&gt;&gt;</a>&nbsp;&nbsp;&nbsp;etharp_query
<LI><a href="#[2e935dc]">&gt;&gt;</a>&nbsp;&nbsp;&nbsp;etharp_output
<LI><a href="#[2e938ac]">&gt;&gt;</a>&nbsp;&nbsp;&nbsp;etharp_update_arp_entry
<LI><a href="#[2e93960]">&gt;&gt;</a>&nbsp;&nbsp;&nbsp;etharp_output_to_arp_index
</UL>

<P><STRONG><a name="[2e938ac]"></a>etharp_update_arp_entry</STRONG> (Thumb, 198 bytes, Stack size 32 bytes, etharp.o(i.etharp_update_arp_entry))
<BR><BR>[Stack]<UL><LI>Max Depth = 148<LI>Call Chain = etharp_update_arp_entry &rArr; etharp_find_entry &rArr; etharp_free_entry &rArr; pbuf_free &rArr; mem_free &rArr; plug_holes
</UL>
<BR>[Calls]<UL><LI><a href="#[fd7cb8]">&gt;&gt;</a>&nbsp;&nbsp;&nbsp;pbuf_free
<LI><a href="#[2e938e8]">&gt;&gt;</a>&nbsp;&nbsp;&nbsp;etharp_send_ip
<LI><a href="#[2e939d8]">&gt;&gt;</a>&nbsp;&nbsp;&nbsp;etharp_find_entry
<LI><a href="#[2e9d794]">&gt;&gt;</a>&nbsp;&nbsp;&nbsp;ip4_addr_isbroadcast
<LI><a href="#[2fd1cb0]">&gt;&gt;</a>&nbsp;&nbsp;&nbsp;__aeabi_memcpy
</UL>
<BR>[Called By]<UL><LI><a href="#[2e93a14]">&gt;&gt;</a>&nbsp;&nbsp;&nbsp;etharp_arp_input
</UL>

<P><STRONG><a name="[2e924fc]"></a>low_level_init</STRONG> (Thumb, 118 bytes, Stack size 16 bytes, ethernetif.o(i.low_level_init))
<BR><BR>[Stack]<UL><LI>Max Depth = 28<LI>Call Chain = low_level_init &rArr; ETH_DMATxDescChainInit
</UL>
<BR>[Calls]<UL><LI><a href="#[2d311b4]">&gt;&gt;</a>&nbsp;&nbsp;&nbsp;ETH_Start
<LI><a href="#[2d32348]">&gt;&gt;</a>&nbsp;&nbsp;&nbsp;ETH_DMATxDescChainInit
<LI><a href="#[2d324b0]">&gt;&gt;</a>&nbsp;&nbsp;&nbsp;ETH_DMARxDescReceiveITConfig
<LI><a href="#[2d32528]">&gt;&gt;</a>&nbsp;&nbsp;&nbsp;ETH_DMARxDescChainInit
</UL>
<BR>[Called By]<UL><LI><a href="#[fe0520]">&gt;&gt;</a>&nbsp;&nbsp;&nbsp;ethernetif_init
</UL>

<P><STRONG><a name="[2e924c0]"></a>low_level_input</STRONG> (Thumb, 66 bytes, Stack size 32 bytes, ethernetif.o(i.low_level_input))
<BR><BR>[Stack]<UL><LI>Max Depth = 132<LI>Call Chain = low_level_input &rArr; pbuf_alloc &rArr; pbuf_free &rArr; mem_free &rArr; plug_holes
</UL>
<BR>[Calls]<UL><LI><a href="#[fd7cf4]">&gt;&gt;</a>&nbsp;&nbsp;&nbsp;pbuf_alloc
<LI><a href="#[2fd1cb0]">&gt;&gt;</a>&nbsp;&nbsp;&nbsp;__aeabi_memcpy
</UL>
<BR>[Called By]<UL><LI><a href="#[fe04e4]">&gt;&gt;</a>&nbsp;&nbsp;&nbsp;ethernetif_input
</UL>

<P><STRONG><a name="[2e92484]"></a>low_level_output</STRONG> (Thumb, 52 bytes, Stack size 24 bytes, ethernetif.o(i.low_level_output))
<BR><BR>[Stack]<UL><LI>Max Depth = 312<LI>Call Chain = low_level_output &rArr; ETH_TxPkt_ChainMode &rArr; Ethernet_Configuration &rArr; ETH_Init &rArr; RCC_GetClocksFreq
</UL>
<BR>[Calls]<UL><LI><a href="#[2e91f5c]">&gt;&gt;</a>&nbsp;&nbsp;&nbsp;ETH_TxPkt_ChainMode
<LI><a href="#[2e91fd4]">&gt;&gt;</a>&nbsp;&nbsp;&nbsp;ETH_GetCurrentTxBuffer
<LI><a href="#[2fd1cb0]">&gt;&gt;</a>&nbsp;&nbsp;&nbsp;__aeabi_memcpy
</UL>
<BR>[Address Reference Count : 1]<UL><LI> ethernetif.o(i.ethernetif_init)
</UL>
<P><STRONG><a name="[2eba9a0]"></a>SetSysClock</STRONG> (Thumb, 8 bytes, Stack size 8 bytes, system_stm32f10x.o(i.SetSysClock))
<BR><BR>[Stack]<UL><LI>Max Depth = 8<LI>Call Chain = SetSysClock
</UL>
<BR>[Calls]<UL><LI><a href="#[2eba964]">&gt;&gt;</a>&nbsp;&nbsp;&nbsp;SetSysClockTo72
</UL>
<BR>[Called By]<UL><LI><a href="#[fdc3bc]">&gt;&gt;</a>&nbsp;&nbsp;&nbsp;SystemInit
</UL>

<P><STRONG><a name="[2eba964]"></a>SetSysClockTo72</STRONG> (Thumb, 240 bytes, Stack size 0 bytes, system_stm32f10x.o(i.SetSysClockTo72))
<BR><BR>[Called By]<UL><LI><a href="#[2eba9a0]">&gt;&gt;</a>&nbsp;&nbsp;&nbsp;SetSysClock
</UL>

<P><STRONG><a name="[2f32dcc]"></a>crc7</STRONG> (Thumb, 88 bytes, Stack size 20 bytes, sd.o(i.crc7))
<BR><BR>[Stack]<UL><LI>Max Depth = 20<LI>Call Chain = crc7
</UL>
<BR>[Called By]<UL><LI><a href="#[2f326c4]">&gt;&gt;</a>&nbsp;&nbsp;&nbsp;sd_Command_crc
</UL>

<P><STRONG><a name="[2f31878]"></a>SPI_Config</STRONG> (Thumb, 144 bytes, Stack size 32 bytes, sd_stm32.o(i.SPI_Config))
<BR><BR>[Stack]<UL><LI>Max Depth = 56<LI>Call Chain = SPI_Config &rArr; GPIO_Init
</UL>
<BR>[Calls]<UL><LI><a href="#[fdc470]">&gt;&gt;</a>&nbsp;&nbsp;&nbsp;RCC_APB2PeriphClockCmd
<LI><a href="#[fdc5d8]">&gt;&gt;</a>&nbsp;&nbsp;&nbsp;GPIO_Init
<LI><a href="#[2d04304]">&gt;&gt;</a>&nbsp;&nbsp;&nbsp;SPI_Init
<LI><a href="#[2d04610]">&gt;&gt;</a>&nbsp;&nbsp;&nbsp;SPI_Cmd
</UL>
<BR>[Called By]<UL><LI><a href="#[2f316d4]">&gt;&gt;</a>&nbsp;&nbsp;&nbsp;if_spiInit
</UL>

<P><STRONG><a name="[2f3183c]"></a>my_if_spiSend</STRONG> (Thumb, 40 bytes, Stack size 16 bytes, sd_stm32.o(i.my_if_spiSend))
<BR><BR>[Stack]<UL><LI>Max Depth = 16<LI>Call Chain = my_if_spiSend
</UL>
<BR>[Calls]<UL><LI><a href="#[2d04340]">&gt;&gt;</a>&nbsp;&nbsp;&nbsp;SPI_I2S_SendData
<LI><a href="#[2d0437c]">&gt;&gt;</a>&nbsp;&nbsp;&nbsp;SPI_I2S_ReceiveData
<LI><a href="#[2d04430]">&gt;&gt;</a>&nbsp;&nbsp;&nbsp;SPI_I2S_GetFlagStatus
</UL>
<BR>[Called By]<UL><LI><a href="#[2f316d4]">&gt;&gt;</a>&nbsp;&nbsp;&nbsp;if_spiInit
</UL>

<P><STRONG><a name="[2fd3b28]"></a>prvvTIMERExpiredISR</STRONG> (Thumb, 10 bytes, Stack size 8 bytes, porttimer_m.o(i.prvvTIMERExpiredISR))
<BR><BR>[Stack]<UL><LI>Max Depth = 8<LI>Call Chain = prvvTIMERExpiredISR
</UL>
<BR>[Called By]<UL><LI><a href="#[2fd39fc]">&gt;&gt;</a>&nbsp;&nbsp;&nbsp;TIM3_IRQHandler
</UL>

<P><STRONG><a name="[2fd2e08]"></a>prvvUARTRxISR</STRONG> (Thumb, 10 bytes, Stack size 8 bytes, portserial_m.o(i.prvvUARTRxISR))
<BR><BR>[Stack]<UL><LI>Max Depth = 8<LI>Call Chain = prvvUARTRxISR
</UL>
<BR>[Called By]<UL><LI><a href="#[2fd2ca0]">&gt;&gt;</a>&nbsp;&nbsp;&nbsp;USART2_IRQHandler
</UL>

<P><STRONG><a name="[2fd2dcc]"></a>prvvUARTTxReadyISR</STRONG> (Thumb, 10 bytes, Stack size 8 bytes, portserial_m.o(i.prvvUARTTxReadyISR))
<BR><BR>[Stack]<UL><LI>Max Depth = 8<LI>Call Chain = prvvUARTTxReadyISR
</UL>
<BR>[Called By]<UL><LI><a href="#[2fd2ca0]">&gt;&gt;</a>&nbsp;&nbsp;&nbsp;USART2_IRQHandler
</UL>

<P><STRONG><a name="[2fcb860]"></a>_printf_core</STRONG> (Thumb, 764 bytes, Stack size 104 bytes, printf6.o(i._printf_core), UNUSED)
<BR><BR>[Calls]<UL><LI><a href="#[2fcb7e8]">&gt;&gt;</a>&nbsp;&nbsp;&nbsp;_printf_pre_padding
<LI><a href="#[2fcb824]">&gt;&gt;</a>&nbsp;&nbsp;&nbsp;_printf_post_padding
<LI><a href="#[30c69dc]">&gt;&gt;</a>&nbsp;&nbsp;&nbsp;__aeabi_uidivmod
</UL>
<BR>[Called By]<UL><LI><a href="#[2fcb518]">&gt;&gt;</a>&nbsp;&nbsp;&nbsp;__0sprintf$6
</UL>

<P><STRONG><a name="[2fcb824]"></a>_printf_post_padding</STRONG> (Thumb, 38 bytes, Stack size 24 bytes, printf6.o(i._printf_post_padding), UNUSED)
<BR><BR>[Called By]<UL><LI><a href="#[2fcb860]">&gt;&gt;</a>&nbsp;&nbsp;&nbsp;_printf_core
</UL>

<P><STRONG><a name="[2fcb7e8]"></a>_printf_pre_padding</STRONG> (Thumb, 46 bytes, Stack size 24 bytes, printf6.o(i._printf_pre_padding), UNUSED)
<BR><BR>[Called By]<UL><LI><a href="#[2fcb860]">&gt;&gt;</a>&nbsp;&nbsp;&nbsp;_printf_core
</UL>

<P><STRONG><a name="[2fcb770]"></a>_sputc</STRONG> (Thumb, 10 bytes, Stack size 0 bytes, printf6.o(i._sputc))
<BR><BR>[Called By]<UL><LI><a href="#[2fcb518]">&gt;&gt;</a>&nbsp;&nbsp;&nbsp;__0sprintf$6
</UL>
<BR>[Address Reference Count : 1]<UL><LI> printf6.o(i.__0sprintf$6)
</UL><P>
<H3>
Undefined Global Symbols
</H3><HR></body></html>
